Sjasm Z80 Assembler v0.42b8 - www.xl2s.tk             [2020.07.30 - 10:09:50]

test.asm
Errors: 0

       1   00:0000                      ; Song: Moontheme - Ducktales           
       2   00:0000                      ; By:   Org. cover by Tallboyy          
       3   00:0000                      
       4   00:0000                      ; [ Song start data ]
       5   00:0000  08                  	db $08					; Initial song speed.
       6   00:0001  1B 01               	dw .customvoice_start			; Start of the custom voices data.
       7   00:0003  1B 01               	dw .drummacro_start			; Start of the drum macro data.
       8   00:0005  1B 01               	dw .instrument_start			; Start of the instrument data.
       9   00:0007                      
      10   00:0007                      ; [ Song order pointer list ]
      11   00:0007                      .restart:
      12   00:0007                      	dw .track_000, .track_001, .track_002, .track_003, .track_003, .track_003, .track_003, .track_003	; Step:001 Pattern:000
      12   00:0007  84 01 97 01 9C 01 A1 01 A1 01 A1 01 A1 01 A1 01 
      13   00:0017                      	dw .track_008, .track_009, .track_010, .track_003, .track_003, .track_003, .track_003, .track_003	; Step:002 Pattern:001
      13   00:0017  A3 01 B4 01 BE 01 A1 01 A1 01 A1 01 A1 01 A1 01 
      14   00:0027                      	dw .track_008, .track_017, .track_018, .track_003, .track_003, .track_003, .track_003, .track_003	; Step:003 Pattern:002
      14   00:0027  A3 01 CB 01 D4 01 A1 01 A1 01 A1 01 A1 01 A1 01 
      15   00:0037                      	dw .track_008, .track_025, .track_026, .track_003, .track_003, .track_003, .track_003, .track_003	; Step:004 Pattern:003
      15   00:0037  A3 01 E3 01 EB 01 A1 01 A1 01 A1 01 A1 01 A1 01 
      16   00:0047                      	dw .track_008, .track_033, .track_034, .track_003, .track_003, .track_003, .track_003, .track_003	; Step:005 Pattern:004
      16   00:0047  A3 01 F2 01 FA 01 A1 01 A1 01 A1 01 A1 01 A1 01 
      17   00:0057                      	dw .track_040, .track_041, .track_042, .track_043, .track_043, .track_043, .track_043, .track_043	; Step:006 Pattern:005
      17   00:0057  04 02 16 02 19 02 1F 02 1F 02 1F 02 1F 02 1F 02 
      18   00:0067                      	dw .track_040, .track_049, .track_050, .track_043, .track_043, .track_043, .track_043, .track_043	; Step:007 Pattern:006
      18   00:0067  04 02 21 02 35 02 1F 02 1F 02 1F 02 1F 02 1F 02 
      19   00:0077                      	dw .track_040, .track_057, .track_058, .track_043, .track_043, .track_043, .track_043, .track_043	; Step:008 Pattern:007
      19   00:0077  04 02 47 02 59 02 1F 02 1F 02 1F 02 1F 02 1F 02 
      20   00:0087                      	dw .track_040, .track_065, .track_066, .track_043, .track_043, .track_043, .track_043, .track_043	; Step:009 Pattern:008
      20   00:0087  04 02 67 02 79 02 1F 02 1F 02 1F 02 1F 02 1F 02 
      21   00:0097                      	dw .track_040, .track_073, .track_074, .track_043, .track_043, .track_043, .track_043, .track_043	; Step:010 Pattern:009
      21   00:0097  04 02 8A 02 9C 02 1F 02 1F 02 1F 02 1F 02 1F 02 
      22   00:00A7                      	dw .track_040, .track_081, .track_082, .track_043, .track_043, .track_043, .track_043, .track_043	; Step:011 Pattern:010
      22   00:00A7  04 02 AB 02 BD 02 1F 02 1F 02 1F 02 1F 02 1F 02 
      23   00:00B7                      	dw .track_040, .track_089, .track_090, .track_043, .track_043, .track_043, .track_043, .track_043	; Step:012 Pattern:011
      23   00:00B7  04 02 CC 02 DE 02 1F 02 1F 02 1F 02 1F 02 1F 02 
      24   00:00C7                      	dw .track_040, .track_097, .track_098, .track_043, .track_043, .track_043, .track_043, .track_043	; Step:013 Pattern:012
      24   00:00C7  04 02 EE 02 01 03 1F 02 1F 02 1F 02 1F 02 1F 02 
      25   00:00D7                      	dw .track_104, .track_105, .track_106, .track_043, .track_043, .track_043, .track_043, .track_043	; Step:014 Pattern:013
      25   00:00D7  12 03 25 03 36 03 1F 02 1F 02 1F 02 1F 02 1F 02 
      26   00:00E7                      	dw .track_112, .track_112, .track_112, .track_115, .track_115, .track_115, .track_115, .track_115	; Step:015 Pattern:014
      26   00:00E7  48 03 48 03 48 03 4B 03 4B 03 4B 03 4B 03 4B 03 
      27   00:00F7                      	dw .track_120, .track_121, .track_122, .track_043, .track_043, .track_043, .track_043, .track_043	; Step:016 Pattern:015
      27   00:00F7  4D 03 5D 03 70 03 1F 02 1F 02 1F 02 1F 02 1F 02 
      28   00:0107                      	dw .track_120, .track_121, .track_122, .track_043, .track_043, .track_043, .track_043, .track_043	; Step:017 Pattern:015
      28   00:0107  4D 03 5D 03 70 03 1F 02 1F 02 1F 02 1F 02 1F 02 
      29   00:0117  00 00 07 00         	dw 0x0000, .restart			; End of sequence delimiter + restart address.
      30   00:011B                      
      31   00:011B                      ; [ Custom FM voices ]
      32   00:011B                      .customvoice_start:
      33   00:011B                      
      34   00:011B                      ; [ SCC Waveforms ]
      35   00:011B                      .waveform_start:
      36   00:011B                      
      37   00:011B                      ; [ FM Drum macros]
      38   00:011B                      .drummacro_start:
      39   00:011B                      
      40   00:011B                      ; [ Instruments]
      41   00:011B                      .instrument_start:
      42   00:011B  27 01               	dw .instrument_01				; Instrument 1    
      43   00:011D  3A 01               	dw .instrument_02				;                 
      44   00:011F  4B 01               	dw .instrument_03				;                 
      45   00:0121  56 01               	dw .instrument_04				;                 
      46   00:0123  67 01               	dw .instrument_05				;                 
      47   00:0125  79 01               	dw .instrument_06				;                 
      48   00:0127                      
      49   00:0127                      .instrument_01:					; Instrument 1    
      50   00:0127  00                  	db $00					; FM Voice 0
      51   00:0128  11 0F               	db $11,$0f                		; 00010001
      52   00:012A  13 F1               	db $13,$f1                		; 00010011
      53   00:012C  13 F1               	db $13,$f1                		; 00010011
      54   00:012E  13 F1               	db $13,$f1                		; 00010011
      55   00:0130  11 04               	db $11,$04                		; 00010001
      56   00:0132  13 F8               	db $13,$f8                		; 00010011
      57   00:0134  13 F8               	db $13,$f8                		; 00010011
      58   00:0136  11 08               	db $11,$08                		; 00010001
      59   00:0138                      .rst_i01:
      60   00:0138  11 04               	db $11,$04                		; 00010001
      61   00:013A                      
      62   00:013A                      .instrument_02:					;                 
      63   00:013A  00                  	db $00					; FM Voice 0
      64   00:013B                      .rst_i02:
      65   00:013B  11 0F               	db $11,$0f                		; 00010001
      66   00:013D  11 0F               	db $11,$0f                		; 00010001
      67   00:013F  11 0F               	db $11,$0f                		; 00010001
      68   00:0141  11 0F               	db $11,$0f                		; 00010001
      69   00:0143  11 0F               	db $11,$0f                		; 00010001
      70   00:0145  11 0F               	db $11,$0f                		; 00010001
      71   00:0147  11 0F               	db $11,$0f                		; 00010001
      72   00:0149  11 0E               	db $11,$0e                		; 00010001
      73   00:014B                      
      74   00:014B                      .instrument_03:					;                 
      75   00:014B  00                  	db $00					; FM Voice 0
      76   00:014C  11 0F               	db $11,$0f                		; 00010001
      77   00:014E  11 0E               	db $11,$0e                		; 00010001
      78   00:0150  11 0E               	db $11,$0e                		; 00010001
      79   00:0152                      .rst_i03:
      80   00:0152  10                  	db $10                    		; 00010000
      81   00:0153  10                  	db $10                    		; 00010000
      82   00:0154  13 FF               	db $13,$ff                		; 00010011
      83   00:0156                      
      84   00:0156                      .instrument_04:					;                 
      85   00:0156  00                  	db $00					; FM Voice 0
      86   00:0157  11 0F               	db $11,$0f                		; 00010001
      87   00:0159  11 0E               	db $11,$0e                		; 00010001
      88   00:015B                      .rst_i04:
      89   00:015B  11 0C               	db $11,$0c                		; 00010001
      90   00:015D  15 0C 01 00         	db $15,$0c        ,$01,$00		; 00010101
      91   00:0161  11 0C               	db $11,$0c                		; 00010001
      92   00:0163  15 0C FF FF         	db $15,$0c        ,$ff,$ff		; 00010101
      93   00:0167                      
      94   00:0167                      .instrument_05:					;                 
      95   00:0167  00                  	db $00					; FM Voice 0
      96   00:0168  A1 00 11            	db $a1,$00,$11            		; 10100001
      97   00:016B  A0 13               	db $a0    ,$13            		; 10100000
      98   00:016D  A0 15               	db $a0    ,$15            		; 10100000
      99   00:016F  A0 17               	db $a0    ,$17            		; 10100000
     100   00:0171  A0 19               	db $a0    ,$19            		; 10100000
     101   00:0173  A0 1B               	db $a0    ,$1b            		; 10100000
     102   00:0175  A0 1D               	db $a0    ,$1d            		; 10100000
     103   00:0177                      .rst_i05:
     104   00:0177  A0 1F               	db $a0    ,$1f            		; 10100000
     105   00:0179                      
     106   00:0179                      .instrument_06:					;                 
     107   00:0179  00                  	db $00					; FM Voice 0
     108   00:017A  11 0D               	db $11,$0d                		; 00010001
     109   00:017C  11 0E               	db $11,$0e                		; 00010001
     110   00:017E  11 0F               	db $11,$0f                		; 00010001
     111   00:0180  11 0B               	db $11,$0b                		; 00010001
     112   00:0182                      .rst_i06:
     113   00:0182  11 08               	db $11,$08                		; 00010001
     114   00:0184                      
     115   00:0184                      
     116   00:0184                      ; [ Song track data ]
     117   00:0184                      .track_000:
     118   00:0184  36                  	db $36			;Note 54
     119   00:0185  6F                  	db $6f			;Volume 13
     120   00:0186  73                  	db $73			;Instrument 1
     121   00:0187  3D                  	db $3d			;Note 61
     122   00:0188  C1                  	db $c1			;Wait 2
     123   00:0189  42                  	db $42			;Note 66
     124   00:018A                      					;Wait Repeat
     125   00:018A  44                  	db $44			;Note 68
     126   00:018B                      					;Wait Repeat
     127   00:018B  3D                  	db $3d			;Note 61
     128   00:018C                      					;Wait Repeat
     129   00:018C  42                  	db $42			;Note 66
     130   00:018D                      					;Wait Repeat
     131   00:018D  44                  	db $44			;Note 68
     132   00:018E                      					;Wait Repeat
     133   00:018E  47                  	db $47			;Note 71
     134   00:018F                      					;Wait Repeat
     135   00:018F  3D                  	db $3d			;Note 61
     136   00:0190                      					;Wait Repeat
     137   00:0190  47                  	db $47			;Note 71
     138   00:0191                      					;Wait Repeat
     139   00:0191  46                  	db $46			;Note 70
     140   00:0192                      					;Wait Repeat
     141   00:0192  3D                  	db $3d			;Note 61
     142   00:0193                      					;Wait Repeat
     143   00:0193  46                  	db $46			;Note 70
     144   00:0194                      					;Wait Repeat
     145   00:0194  44                  	db $44			;Note 68
     146   00:0195                      					;Wait Repeat
     147   00:0195  42                  	db $42			;Note 66
     148   00:0196                      					;Wait Repeat
     149   00:0196  BF                  	db $bf			;[End-Of-Track]
     150   00:0197                      .track_001:
     151   00:0197  61                  	db $61			;Sustain 97
     152   00:0198  6F                  	db $6f			;Volume 13
     153   00:0199  75                  	db $75			;Instrument 3
     154   00:019A  DC                  	db $dc			;Wait 29
     155   00:019B  BF                  	db $bf			;[End-Of-Track]
     156   00:019C                      .track_002:
     157   00:019C  61                  	db $61			;Sustain 97
     158   00:019D  6F                  	db $6f			;Volume 13
     159   00:019E  74                  	db $74			;Instrument 2
     160   00:019F  DC                  	db $dc			;Wait 29
     161   00:01A0  BF                  	db $bf			;[End-Of-Track]
     162   00:01A1                      .track_003:
     163   00:01A1  DD                  	db $dd			;Wait 30
     164   00:01A2  BF                  	db $bf			;[End-Of-Track]
     165   00:01A3                      .track_008:
     166   00:01A3  36                  	db $36			;Note 54
     167   00:01A4  3D                  	db $3d			;Note 61
     168   00:01A5  C1                  	db $c1			;Wait 2
     169   00:01A6  42                  	db $42			;Note 66
     170   00:01A7                      					;Wait Repeat
     171   00:01A7  44                  	db $44			;Note 68
     172   00:01A8                      					;Wait Repeat
     173   00:01A8  3D                  	db $3d			;Note 61
     174   00:01A9                      					;Wait Repeat
     175   00:01A9  42                  	db $42			;Note 66
     176   00:01AA                      					;Wait Repeat
     177   00:01AA  44                  	db $44			;Note 68
     178   00:01AB                      					;Wait Repeat
     179   00:01AB  47                  	db $47			;Note 71
     180   00:01AC                      					;Wait Repeat
     181   00:01AC  3D                  	db $3d			;Note 61
     182   00:01AD                      					;Wait Repeat
     183   00:01AD  47                  	db $47			;Note 71
     184   00:01AE                      					;Wait Repeat
     185   00:01AE  46                  	db $46			;Note 70
     186   00:01AF                      					;Wait Repeat
     187   00:01AF  3D                  	db $3d			;Note 61
     188   00:01B0                      					;Wait Repeat
     189   00:01B0  46                  	db $46			;Note 70
     190   00:01B1                      					;Wait Repeat
     191   00:01B1  44                  	db $44			;Note 68
     192   00:01B2                      					;Wait Repeat
     193   00:01B2  42                  	db $42			;Note 66
     194   00:01B3                      					;Wait Repeat
     195   00:01B3  BF                  	db $bf			;[End-Of-Track]
     196   00:01B4                      .track_009:
     197   00:01B4  2A                  	db $2a			;Note 42
     198   00:01B5  6F                  	db $6f			;Volume 13
     199   00:01B6  75                  	db $75			;Instrument 3
     200   00:01B7  C4                  	db $c4			;Wait 5
     201   00:01B8  31                  	db $31			;Note 49
     202   00:01B9  C5                  	db $c5			;Wait 6
     203   00:01BA  36                  	db $36			;Note 54
     204   00:01BB  D0                  	db $d0			;Wait 17
     205   00:01BC  60                  	db $60			;Release 96
     206   00:01BD  BF                  	db $bf			;[End-Of-Track]
     207   00:01BE                      .track_010:
     208   00:01BE  25                  	db $25			;Note 37
     209   00:01BF  6F                  	db $6f			;Volume 13
     210   00:01C0  74                  	db $74			;Instrument 2
     211   00:01C1  C5                  	db $c5			;Wait 6
     212   00:01C2  94 85               	db $94,$85			;CMD Vibrato
     213   00:01C4  CA                  	db $ca			;Wait 11
     214   00:01C5  2A                  	db $2a			;Note 42
     215   00:01C6  9A                  	db $9a			;CMD End 
     216   00:01C7  C3                  	db $c3			;Wait 4
     217   00:01C8  2C                  	db $2c			;Note 44
     218   00:01C9                      					;Wait Repeat
     219   00:01C9  2F                  	db $2f			;Note 47
     220   00:01CA                      					;Wait Repeat
     221   00:01CA  BF                  	db $bf			;[End-Of-Track]
     222   00:01CB                      .track_017:
     223   00:01CB  28                  	db $28			;Note 40
     224   00:01CC  75                  	db $75			;Instrument 3
     225   00:01CD  C4                  	db $c4			;Wait 5
     226   00:01CE  2F                  	db $2f			;Note 47
     227   00:01CF  C5                  	db $c5			;Wait 6
     228   00:01D0  34                  	db $34			;Note 52
     229   00:01D1  D0                  	db $d0			;Wait 17
     230   00:01D2  60                  	db $60			;Release 96
     231   00:01D3  BF                  	db $bf			;[End-Of-Track]
     232   00:01D4                      .track_018:
     233   00:01D4  2F                  	db $2f			;Note 47
     234   00:01D5  74                  	db $74			;Instrument 2
     235   00:01D6  C4                  	db $c4			;Wait 5
     236   00:01D7  2E                  	db $2e			;Note 46
     237   00:01D8  C1                  	db $c1			;Wait 2
     238   00:01D9  2E                  	db $2e			;Note 46
     239   00:01DA  C4                  	db $c4			;Wait 5
     240   00:01DB  94 85               	db $94,$85			;CMD Vibrato
     241   00:01DD  C8                  	db $c8			;Wait 9
     242   00:01DE  2C                  	db $2c			;Note 44
     243   00:01DF  9A                  	db $9a			;CMD End 
     244   00:01E0  C3                  	db $c3			;Wait 4
     245   00:01E1  2A                  	db $2a			;Note 42
     246   00:01E2                      					;Wait Repeat
     247   00:01E2  BF                  	db $bf			;[End-Of-Track]
     248   00:01E3                      .track_025:
     249   00:01E3  27                  	db $27			;Note 39
     250   00:01E4  C4                  	db $c4			;Wait 5
     251   00:01E5  2E                  	db $2e			;Note 46
     252   00:01E6  C5                  	db $c5			;Wait 6
     253   00:01E7  33                  	db $33			;Note 51
     254   00:01E8  D0                  	db $d0			;Wait 17
     255   00:01E9  60                  	db $60			;Release 96
     256   00:01EA  BF                  	db $bf			;[End-Of-Track]
     257   00:01EB                      .track_026:
     258   00:01EB  31                  	db $31			;Note 49
     259   00:01EC  CA                  	db $ca			;Wait 11
     260   00:01ED  2A                  	db $2a			;Note 42
     261   00:01EE  CB                  	db $cb			;Wait 12
     262   00:01EF  36                  	db $36			;Note 54
     263   00:01F0  C5                  	db $c5			;Wait 6
     264   00:01F1  BF                  	db $bf			;[End-Of-Track]
     265   00:01F2                      .track_033:
     266   00:01F2  26                  	db $26			;Note 38
     267   00:01F3  C4                  	db $c4			;Wait 5
     268   00:01F4  2D                  	db $2d			;Note 45
     269   00:01F5  C5                  	db $c5			;Wait 6
     270   00:01F6  32                  	db $32			;Note 50
     271   00:01F7  D0                  	db $d0			;Wait 17
     272   00:01F8  60                  	db $60			;Release 96
     273   00:01F9  BF                  	db $bf			;[End-Of-Track]
     274   00:01FA                      .track_034:
     275   00:01FA  C6                  	db $c6			;Wait 7
     276   00:01FB  94 84               	db $94,$84			;CMD Vibrato
     277   00:01FD  D0                  	db $d0			;Wait 17
     278   00:01FE  38                  	db $38			;Note 56
     279   00:01FF  9A                  	db $9a			;CMD End 
     280   00:0200  C3                  	db $c3			;Wait 4
     281   00:0201  36                  	db $36			;Note 54
     282   00:0202  C1                  	db $c1			;Wait 2
     283   00:0203  BF                  	db $bf			;[End-Of-Track]
     284   00:0204                      .track_040:
     285   00:0204  36                  	db $36			;Note 54
     286   00:0205  3D                  	db $3d			;Note 61
     287   00:0206  C1                  	db $c1			;Wait 2
     288   00:0207  42                  	db $42			;Note 66
     289   00:0208                      					;Wait Repeat
     290   00:0208  44                  	db $44			;Note 68
     291   00:0209                      					;Wait Repeat
     292   00:0209  3D                  	db $3d			;Note 61
     293   00:020A                      					;Wait Repeat
     294   00:020A  42                  	db $42			;Note 66
     295   00:020B                      					;Wait Repeat
     296   00:020B  44                  	db $44			;Note 68
     297   00:020C                      					;Wait Repeat
     298   00:020C  3D                  	db $3d			;Note 61
     299   00:020D                      					;Wait Repeat
     300   00:020D  47                  	db $47			;Note 71
     301   00:020E                      					;Wait Repeat
     302   00:020E  3D                  	db $3d			;Note 61
     303   00:020F                      					;Wait Repeat
     304   00:020F  47                  	db $47			;Note 71
     305   00:0210                      					;Wait Repeat
     306   00:0210  46                  	db $46			;Note 70
     307   00:0211                      					;Wait Repeat
     308   00:0211  3D                  	db $3d			;Note 61
     309   00:0212                      					;Wait Repeat
     310   00:0212  46                  	db $46			;Note 70
     311   00:0213                      					;Wait Repeat
     312   00:0213  44                  	db $44			;Note 68
     313   00:0214                      					;Wait Repeat
     314   00:0214  42                  	db $42			;Note 66
     315   00:0215                      					;Wait Repeat
     316   00:0215  BF                  	db $bf			;[End-Of-Track]
     317   00:0216                      .track_041:
     318   00:0216  36                  	db $36			;Note 54
     319   00:0217  DE                  	db $de			;Wait 31
     320   00:0218  BF                  	db $bf			;[End-Of-Track]
     321   00:0219                      .track_042:
     322   00:0219  3D                  	db $3d			;Note 61
     323   00:021A  CC                  	db $cc			;Wait 13
     324   00:021B  94 82               	db $94,$82			;CMD Vibrato
     325   00:021D  D1                  	db $d1			;Wait 18
     326   00:021E  BF                  	db $bf			;[End-Of-Track]
     327   00:021F                      .track_043:
     328   00:021F  DF                  	db $df			;Wait 32
     329   00:0220  BF                  	db $bf			;[End-Of-Track]
     330   00:0221                      .track_049:
     331   00:0221  1E                  	db $1e			;Note 30
     332   00:0222  6F                  	db $6f			;Volume 13
     333   00:0223  78                  	db $78			;Instrument 6
     334   00:0224  1E                  	db $1e			;Note 30
     335   00:0225  C1                  	db $c1			;Wait 2
     336   00:0226  1E                  	db $1e			;Note 30
     337   00:0227                      					;Wait Repeat
     338   00:0227  1E                  	db $1e			;Note 30
     339   00:0228                      					;Wait Repeat
     340   00:0228  1E                  	db $1e			;Note 30
     341   00:0229                      					;Wait Repeat
     342   00:0229  1E                  	db $1e			;Note 30
     343   00:022A                      					;Wait Repeat
     344   00:022A  1E                  	db $1e			;Note 30
     345   00:022B                      					;Wait Repeat
     346   00:022B  1E                  	db $1e			;Note 30
     347   00:022C                      					;Wait Repeat
     348   00:022C  1D                  	db $1d			;Note 29
     349   00:022D                      					;Wait Repeat
     350   00:022D  1D                  	db $1d			;Note 29
     351   00:022E                      					;Wait Repeat
     352   00:022E  1D                  	db $1d			;Note 29
     353   00:022F                      					;Wait Repeat
     354   00:022F  1D                  	db $1d			;Note 29
     355   00:0230                      					;Wait Repeat
     356   00:0230  1D                  	db $1d			;Note 29
     357   00:0231                      					;Wait Repeat
     358   00:0231  1D                  	db $1d			;Note 29
     359   00:0232                      					;Wait Repeat
     360   00:0232  1D                  	db $1d			;Note 29
     361   00:0233                      					;Wait Repeat
     362   00:0233  1D                  	db $1d			;Note 29
     363   00:0234                      					;Wait Repeat
     364   00:0234  BF                  	db $bf			;[End-Of-Track]
     365   00:0235                      .track_050:
     366   00:0235  60                  	db $60			;Release 96
     367   00:0236  71                  	db $71			;Volume 15
     368   00:0237  76                  	db $76			;Instrument 4
     369   00:0238  9A                  	db $9a			;CMD End 
     370   00:0239  C6                  	db $c6			;Wait 7
     371   00:023A  22                  	db $22			;Note 34
     372   00:023B  C1                  	db $c1			;Wait 2
     373   00:023C  23                  	db $23			;Note 35
     374   00:023D                      					;Wait Repeat
     375   00:023D  25                  	db $25			;Note 37
     376   00:023E  78                  	db $78			;Instrument 6
     377   00:023F                      					;Wait Repeat
     378   00:023F  25                  	db $25			;Note 37
     379   00:0240  76                  	db $76			;Instrument 4
     380   00:0241  C5                  	db $c5			;Wait 6
     381   00:0242  2A                  	db $2a			;Note 42
     382   00:0243  C3                  	db $c3			;Wait 4
     383   00:0244  29                  	db $29			;Note 41
     384   00:0245                      					;Wait Repeat
     385   00:0245  2A                  	db $2a			;Note 42
     386   00:0246                      					;Wait Repeat
     387   00:0246  BF                  	db $bf			;[End-Of-Track]
     388   00:0247                      .track_057:
     389   00:0247  1B                  	db $1b			;Note 27
     390   00:0248  1B                  	db $1b			;Note 27
     391   00:0249  C1                  	db $c1			;Wait 2
     392   00:024A  1B                  	db $1b			;Note 27
     393   00:024B                      					;Wait Repeat
     394   00:024B  1B                  	db $1b			;Note 27
     395   00:024C                      					;Wait Repeat
     396   00:024C  1B                  	db $1b			;Note 27
     397   00:024D                      					;Wait Repeat
     398   00:024D  1B                  	db $1b			;Note 27
     399   00:024E                      					;Wait Repeat
     400   00:024E  1B                  	db $1b			;Note 27
     401   00:024F                      					;Wait Repeat
     402   00:024F  1B                  	db $1b			;Note 27
     403   00:0250                      					;Wait Repeat
     404   00:0250  19                  	db $19			;Note 25
     405   00:0251                      					;Wait Repeat
     406   00:0251  19                  	db $19			;Note 25
     407   00:0252                      					;Wait Repeat
     408   00:0252  19                  	db $19			;Note 25
     409   00:0253                      					;Wait Repeat
     410   00:0253  19                  	db $19			;Note 25
     411   00:0254                      					;Wait Repeat
     412   00:0254  19                  	db $19			;Note 25
     413   00:0255                      					;Wait Repeat
     414   00:0255  19                  	db $19			;Note 25
     415   00:0256                      					;Wait Repeat
     416   00:0256  19                  	db $19			;Note 25
     417   00:0257                      					;Wait Repeat
     418   00:0257  19                  	db $19			;Note 25
     419   00:0258                      					;Wait Repeat
     420   00:0258  BF                  	db $bf			;[End-Of-Track]
     421   00:0259                      .track_058:
     422   00:0259  2C                  	db $2c			;Note 44
     423   00:025A  C2                  	db $c2			;Wait 3
     424   00:025B  2E                  	db $2e			;Note 46
     425   00:025C  C1                  	db $c1			;Wait 2
     426   00:025D  2A                  	db $2a			;Note 42
     427   00:025E  C9                  	db $c9			;Wait 10
     428   00:025F  94 85               	db $94,$85			;CMD Vibrato
     429   00:0261  CB                  	db $cb			;Wait 12
     430   00:0262  29                  	db $29			;Note 41
     431   00:0263  9A                  	db $9a			;CMD End 
     432   00:0264  C1                  	db $c1			;Wait 2
     433   00:0265  2A                  	db $2a			;Note 42
     434   00:0266                      					;Wait Repeat
     435   00:0266  BF                  	db $bf			;[End-Of-Track]
     436   00:0267                      .track_065:
     437   00:0267  23                  	db $23			;Note 35
     438   00:0268  23                  	db $23			;Note 35
     439   00:0269  C1                  	db $c1			;Wait 2
     440   00:026A  23                  	db $23			;Note 35
     441   00:026B                      					;Wait Repeat
     442   00:026B  23                  	db $23			;Note 35
     443   00:026C                      					;Wait Repeat
     444   00:026C  23                  	db $23			;Note 35
     445   00:026D                      					;Wait Repeat
     446   00:026D  23                  	db $23			;Note 35
     447   00:026E                      					;Wait Repeat
     448   00:026E  23                  	db $23			;Note 35
     449   00:026F                      					;Wait Repeat
     450   00:026F  23                  	db $23			;Note 35
     451   00:0270                      					;Wait Repeat
     452   00:0270  24                  	db $24			;Note 36
     453   00:0271                      					;Wait Repeat
     454   00:0271  24                  	db $24			;Note 36
     455   00:0272                      					;Wait Repeat
     456   00:0272  24                  	db $24			;Note 36
     457   00:0273                      					;Wait Repeat
     458   00:0273  24                  	db $24			;Note 36
     459   00:0274                      					;Wait Repeat
     460   00:0274  24                  	db $24			;Note 36
     461   00:0275                      					;Wait Repeat
     462   00:0275  24                  	db $24			;Note 36
     463   00:0276                      					;Wait Repeat
     464   00:0276  24                  	db $24			;Note 36
     465   00:0277                      					;Wait Repeat
     466   00:0277  24                  	db $24			;Note 36
     467   00:0278                      					;Wait Repeat
     468   00:0278  BF                  	db $bf			;[End-Of-Track]
     469   00:0279                      .track_066:
     470   00:0279  31                  	db $31			;Note 49
     471   00:027A  76                  	db $76			;Instrument 4
     472   00:027B  C4                  	db $c4			;Wait 5
     473   00:027C  2A                  	db $2a			;Note 42
     474   00:027D  78                  	db $78			;Instrument 6
     475   00:027E  C1                  	db $c1			;Wait 2
     476   00:027F  2A                  	db $2a			;Note 42
     477   00:0280  76                  	db $76			;Instrument 4
     478   00:0281  C7                  	db $c7			;Wait 8
     479   00:0282  94 85               	db $94,$85			;CMD Vibrato
     480   00:0284  CB                  	db $cb			;Wait 12
     481   00:0285  2A                  	db $2a			;Note 42
     482   00:0286  78                  	db $78			;Instrument 6
     483   00:0287  C1                  	db $c1			;Wait 2
     484   00:0288  2A                  	db $2a			;Note 42
     485   00:0289                      					;Wait Repeat
     486   00:0289  BF                  	db $bf			;[End-Of-Track]
     487   00:028A                      .track_073:
     488   00:028A  19                  	db $19			;Note 25
     489   00:028B  19                  	db $19			;Note 25
     490   00:028C  C1                  	db $c1			;Wait 2
     491   00:028D  19                  	db $19			;Note 25
     492   00:028E                      					;Wait Repeat
     493   00:028E  19                  	db $19			;Note 25
     494   00:028F                      					;Wait Repeat
     495   00:028F  19                  	db $19			;Note 25
     496   00:0290                      					;Wait Repeat
     497   00:0290  19                  	db $19			;Note 25
     498   00:0291                      					;Wait Repeat
     499   00:0291  19                  	db $19			;Note 25
     500   00:0292                      					;Wait Repeat
     501   00:0292  19                  	db $19			;Note 25
     502   00:0293                      					;Wait Repeat
     503   00:0293  19                  	db $19			;Note 25
     504   00:0294                      					;Wait Repeat
     505   00:0294  19                  	db $19			;Note 25
     506   00:0295                      					;Wait Repeat
     507   00:0295  19                  	db $19			;Note 25
     508   00:0296                      					;Wait Repeat
     509   00:0296  19                  	db $19			;Note 25
     510   00:0297                      					;Wait Repeat
     511   00:0297  19                  	db $19			;Note 25
     512   00:0298                      					;Wait Repeat
     513   00:0298  19                  	db $19			;Note 25
     514   00:0299                      					;Wait Repeat
     515   00:0299  19                  	db $19			;Note 25
     516   00:029A                      					;Wait Repeat
     517   00:029A  19                  	db $19			;Note 25
     518   00:029B                      					;Wait Repeat
     519   00:029B  BF                  	db $bf			;[End-Of-Track]
     520   00:029C                      .track_074:
     521   00:029C  2A                  	db $2a			;Note 42
     522   00:029D  76                  	db $76			;Instrument 4
     523   00:029E  C6                  	db $c6			;Wait 7
     524   00:029F  60                  	db $60			;Release 96
     525   00:02A0  C1                  	db $c1			;Wait 2
     526   00:02A1  2C                  	db $2c			;Note 44
     527   00:02A2                      					;Wait Repeat
     528   00:02A2  2A                  	db $2a			;Note 42
     529   00:02A3                      					;Wait Repeat
     530   00:02A3  29                  	db $29			;Note 41
     531   00:02A4  C7                  	db $c7			;Wait 8
     532   00:02A5  94 85               	db $94,$85			;CMD Vibrato
     533   00:02A7  C8                  	db $c8			;Wait 9
     534   00:02A8  60                  	db $60			;Release 96
     535   00:02A9  9A                  	db $9a			;CMD End 
     536   00:02AA  BF                  	db $bf			;[End-Of-Track]
     537   00:02AB                      .track_081:
     538   00:02AB  1E                  	db $1e			;Note 30
     539   00:02AC  1E                  	db $1e			;Note 30
     540   00:02AD  C1                  	db $c1			;Wait 2
     541   00:02AE  1E                  	db $1e			;Note 30
     542   00:02AF                      					;Wait Repeat
     543   00:02AF  1E                  	db $1e			;Note 30
     544   00:02B0                      					;Wait Repeat
     545   00:02B0  1E                  	db $1e			;Note 30
     546   00:02B1                      					;Wait Repeat
     547   00:02B1  1E                  	db $1e			;Note 30
     548   00:02B2                      					;Wait Repeat
     549   00:02B2  1E                  	db $1e			;Note 30
     550   00:02B3                      					;Wait Repeat
     551   00:02B3  1E                  	db $1e			;Note 30
     552   00:02B4                      					;Wait Repeat
     553   00:02B4  1C                  	db $1c			;Note 28
     554   00:02B5                      					;Wait Repeat
     555   00:02B5  1C                  	db $1c			;Note 28
     556   00:02B6                      					;Wait Repeat
     557   00:02B6  1C                  	db $1c			;Note 28
     558   00:02B7                      					;Wait Repeat
     559   00:02B7  1C                  	db $1c			;Note 28
     560   00:02B8                      					;Wait Repeat
     561   00:02B8  1C                  	db $1c			;Note 28
     562   00:02B9                      					;Wait Repeat
     563   00:02B9  1C                  	db $1c			;Note 28
     564   00:02BA                      					;Wait Repeat
     565   00:02BA  1C                  	db $1c			;Note 28
     566   00:02BB                      					;Wait Repeat
     567   00:02BB  1C                  	db $1c			;Note 28
     568   00:02BC                      					;Wait Repeat
     569   00:02BC  BF                  	db $bf			;[End-Of-Track]
     570   00:02BD                      .track_082:
     571   00:02BD  22                  	db $22			;Note 34
     572   00:02BE  76                  	db $76			;Instrument 4
     573   00:02BF  C6                  	db $c6			;Wait 7
     574   00:02C0  60                  	db $60			;Release 96
     575   00:02C1  C1                  	db $c1			;Wait 2
     576   00:02C2  20                  	db $20			;Note 32
     577   00:02C3                      					;Wait Repeat
     578   00:02C3  1E                  	db $1e			;Note 30
     579   00:02C4                      					;Wait Repeat
     580   00:02C4  25                  	db $25			;Note 37
     581   00:02C5  C7                  	db $c7			;Wait 8
     582   00:02C6  60                  	db $60			;Release 96
     583   00:02C7  C1                  	db $c1			;Wait 2
     584   00:02C8  2A                  	db $2a			;Note 42
     585   00:02C9  C3                  	db $c3			;Wait 4
     586   00:02CA  2C                  	db $2c			;Note 44
     587   00:02CB                      					;Wait Repeat
     588   00:02CB  BF                  	db $bf			;[End-Of-Track]
     589   00:02CC                      .track_089:
     590   00:02CC  1B                  	db $1b			;Note 27
     591   00:02CD  1B                  	db $1b			;Note 27
     592   00:02CE  C1                  	db $c1			;Wait 2
     593   00:02CF  1B                  	db $1b			;Note 27
     594   00:02D0                      					;Wait Repeat
     595   00:02D0  1B                  	db $1b			;Note 27
     596   00:02D1                      					;Wait Repeat
     597   00:02D1  1B                  	db $1b			;Note 27
     598   00:02D2                      					;Wait Repeat
     599   00:02D2  1B                  	db $1b			;Note 27
     600   00:02D3                      					;Wait Repeat
     601   00:02D3  1B                  	db $1b			;Note 27
     602   00:02D4                      					;Wait Repeat
     603   00:02D4  1B                  	db $1b			;Note 27
     604   00:02D5                      					;Wait Repeat
     605   00:02D5  1A                  	db $1a			;Note 26
     606   00:02D6                      					;Wait Repeat
     607   00:02D6  1A                  	db $1a			;Note 26
     608   00:02D7                      					;Wait Repeat
     609   00:02D7  1A                  	db $1a			;Note 26
     610   00:02D8                      					;Wait Repeat
     611   00:02D8  1A                  	db $1a			;Note 26
     612   00:02D9                      					;Wait Repeat
     613   00:02D9  1A                  	db $1a			;Note 26
     614   00:02DA                      					;Wait Repeat
     615   00:02DA  1A                  	db $1a			;Note 26
     616   00:02DB                      					;Wait Repeat
     617   00:02DB  1A                  	db $1a			;Note 26
     618   00:02DC                      					;Wait Repeat
     619   00:02DC  1A                  	db $1a			;Note 26
     620   00:02DD                      					;Wait Repeat
     621   00:02DD  BF                  	db $bf			;[End-Of-Track]
     622   00:02DE                      .track_090:
     623   00:02DE  2F                  	db $2f			;Note 47
     624   00:02DF  76                  	db $76			;Instrument 4
     625   00:02E0  C4                  	db $c4			;Wait 5
     626   00:02E1  2E                  	db $2e			;Note 46
     627   00:02E2  78                  	db $78			;Instrument 6
     628   00:02E3  C1                  	db $c1			;Wait 2
     629   00:02E4  2E                  	db $2e			;Note 46
     630   00:02E5  76                  	db $76			;Instrument 4
     631   00:02E6  C7                  	db $c7			;Wait 8
     632   00:02E7  94 85               	db $94,$85			;CMD Vibrato
     633   00:02E9                      					;Wait Repeat
     634   00:02E9  31                  	db $31			;Note 49
     635   00:02EA  9A                  	db $9a			;CMD End 
     636   00:02EB  C3                  	db $c3			;Wait 4
     637   00:02EC  2F                  	db $2f			;Note 47
     638   00:02ED                      					;Wait Repeat
     639   00:02ED  BF                  	db $bf			;[End-Of-Track]
     640   00:02EE                      .track_097:
     641   00:02EE  25                  	db $25			;Note 37
     642   00:02EF  78                  	db $78			;Instrument 6
     643   00:02F0  25                  	db $25			;Note 37
     644   00:02F1  C1                  	db $c1			;Wait 2
     645   00:02F2  25                  	db $25			;Note 37
     646   00:02F3                      					;Wait Repeat
     647   00:02F3  25                  	db $25			;Note 37
     648   00:02F4                      					;Wait Repeat
     649   00:02F4  25                  	db $25			;Note 37
     650   00:02F5                      					;Wait Repeat
     651   00:02F5  25                  	db $25			;Note 37
     652   00:02F6                      					;Wait Repeat
     653   00:02F6  25                  	db $25			;Note 37
     654   00:02F7                      					;Wait Repeat
     655   00:02F7  25                  	db $25			;Note 37
     656   00:02F8                      					;Wait Repeat
     657   00:02F8  24                  	db $24			;Note 36
     658   00:02F9                      					;Wait Repeat
     659   00:02F9  24                  	db $24			;Note 36
     660   00:02FA                      					;Wait Repeat
     661   00:02FA  24                  	db $24			;Note 36
     662   00:02FB                      					;Wait Repeat
     663   00:02FB  24                  	db $24			;Note 36
     664   00:02FC                      					;Wait Repeat
     665   00:02FC  25                  	db $25			;Note 37
     666   00:02FD                      					;Wait Repeat
     667   00:02FD  25                  	db $25			;Note 37
     668   00:02FE                      					;Wait Repeat
     669   00:02FE  25                  	db $25			;Note 37
     670   00:02FF                      					;Wait Repeat
     671   00:02FF  25                  	db $25			;Note 37
     672   00:0300                      					;Wait Repeat
     673   00:0300  BF                  	db $bf			;[End-Of-Track]
     674   00:0301                      .track_098:
     675   00:0301  2E                  	db $2e			;Note 46
     676   00:0302  76                  	db $76			;Instrument 4
     677   00:0303  2F                  	db $2f			;Note 47
     678   00:0304  C1                  	db $c1			;Wait 2
     679   00:0305  2E                  	db $2e			;Note 46
     680   00:0306                      					;Wait Repeat
     681   00:0306  2A                  	db $2a			;Note 42
     682   00:0307  C3                  	db $c3			;Wait 4
     683   00:0308  25                  	db $25			;Note 37
     684   00:0309  C7                  	db $c7			;Wait 8
     685   00:030A  2C                  	db $2c			;Note 44
     686   00:030B  C1                  	db $c1			;Wait 2
     687   00:030C  2A                  	db $2a			;Note 42
     688   00:030D                      					;Wait Repeat
     689   00:030D  29                  	db $29			;Note 41
     690   00:030E                      					;Wait Repeat
     691   00:030E  27                  	db $27			;Note 39
     692   00:030F                      					;Wait Repeat
     693   00:030F  29                  	db $29			;Note 41
     694   00:0310  C5                  	db $c5			;Wait 6
     695   00:0311  BF                  	db $bf			;[End-Of-Track]
     696   00:0312                      .track_104:
     697   00:0312  42                  	db $42			;Note 66
     698   00:0313  73                  	db $73			;Instrument 1
     699   00:0314  39                  	db $39			;Note 57
     700   00:0315  C1                  	db $c1			;Wait 2
     701   00:0316  3E                  	db $3e			;Note 62
     702   00:0317                      					;Wait Repeat
     703   00:0317  44                  	db $44			;Note 68
     704   00:0318                      					;Wait Repeat
     705   00:0318  3B                  	db $3b			;Note 59
     706   00:0319                      					;Wait Repeat
     707   00:0319  44                  	db $44			;Note 68
     708   00:031A                      					;Wait Repeat
     709   00:031A  47                  	db $47			;Note 71
     710   00:031B                      					;Wait Repeat
     711   00:031B  46                  	db $46			;Note 70
     712   00:031C                      					;Wait Repeat
     713   00:031C  42                  	db $42			;Note 66
     714   00:031D                      					;Wait Repeat
     715   00:031D  3D                  	db $3d			;Note 61
     716   00:031E                      					;Wait Repeat
     717   00:031E  3B                  	db $3b			;Note 59
     718   00:031F                      					;Wait Repeat
     719   00:031F  3A                  	db $3a			;Note 58
     720   00:0320                      					;Wait Repeat
     721   00:0320  36                  	db $36			;Note 54
     722   00:0321                      					;Wait Repeat
     723   00:0321  31                  	db $31			;Note 49
     724   00:0322                      					;Wait Repeat
     725   00:0322  2F                  	db $2f			;Note 47
     726   00:0323                      					;Wait Repeat
     727   00:0323  2E                  	db $2e			;Note 46
     728   00:0324                      					;Wait Repeat
     729   00:0324  BF                  	db $bf			;[End-Of-Track]
     730   00:0325                      .track_105:
     731   00:0325  26                  	db $26			;Note 38
     732   00:0326  78                  	db $78			;Instrument 6
     733   00:0327  C4                  	db $c4			;Wait 5
     734   00:0328  28                  	db $28			;Note 40
     735   00:0329  C5                  	db $c5			;Wait 6
     736   00:032A  2A                  	db $2a			;Note 42
     737   00:032B  74                  	db $74			;Instrument 2
     738   00:032C                      					;Wait Repeat
     739   00:032C  1E                  	db $1e			;Note 30
     740   00:032D  78                  	db $78			;Instrument 6
     741   00:032E  C1                  	db $c1			;Wait 2
     742   00:032F  1E                  	db $1e			;Note 30
     743   00:0330                      					;Wait Repeat
     744   00:0330  1E                  	db $1e			;Note 30
     745   00:0331                      					;Wait Repeat
     746   00:0331  1E                  	db $1e			;Note 30
     747   00:0332                      					;Wait Repeat
     748   00:0332  1E                  	db $1e			;Note 30
     749   00:0333                      					;Wait Repeat
     750   00:0333  1E                  	db $1e			;Note 30
     751   00:0334                      					;Wait Repeat
     752   00:0334  1E                  	db $1e			;Note 30
     753   00:0335                      					;Wait Repeat
     754   00:0335  BF                  	db $bf			;[End-Of-Track]
     755   00:0336                      .track_106:
     756   00:0336  2A                  	db $2a			;Note 42
     757   00:0337  76                  	db $76			;Instrument 4
     758   00:0338  60                  	db $60			;Release 96
     759   00:0339  C3                  	db $c3			;Wait 4
     760   00:033A  2A                  	db $2a			;Note 42
     761   00:033B  C1                  	db $c1			;Wait 2
     762   00:033C  60                  	db $60			;Release 96
     763   00:033D  C3                  	db $c3			;Wait 4
     764   00:033E  2A                  	db $2a			;Note 42
     765   00:033F                      					;Wait Repeat
     766   00:033F  60                  	db $60			;Release 96
     767   00:0340  C1                  	db $c1			;Wait 2
     768   00:0341  37                  	db $37			;Note 55
     769   00:0342  77                  	db $77			;Instrument 5
     770   00:0343  92 02               	db $92,$02			;CMD Portamento down
     771   00:0345  CC                  	db $cc			;Wait 13
     772   00:0346  9A                  	db $9a			;CMD End 
     773   00:0347  BF                  	db $bf			;[End-Of-Track]
     774   00:0348                      .track_112:
     775   00:0348  60                  	db $60			;Release 96
     776   00:0349  FE                  	db $fe			;Wait 63
     777   00:034A  BF                  	db $bf			;[End-Of-Track]
     778   00:034B                      .track_115:
     779   00:034B  FF                  	db $ff			;Wait 64
     780   00:034C  BF                  	db $bf			;[End-Of-Track]
     781   00:034D                      .track_120:
     782   00:034D  1A                  	db $1a			;Note 26
     783   00:034E  6A                  	db $6a			;Volume 8
     784   00:034F  76                  	db $76			;Instrument 4
     785   00:0350  C2                  	db $c2			;Wait 3
     786   00:0351  1A                  	db $1a			;Note 26
     787   00:0352  78                  	db $78			;Instrument 6
     788   00:0353  C1                  	db $c1			;Wait 2
     789   00:0354  1A                  	db $1a			;Note 26
     790   00:0355  C3                  	db $c3			;Wait 4
     791   00:0356  1A                  	db $1a			;Note 26
     792   00:0357                      					;Wait Repeat
     793   00:0357  1D                  	db $1d			;Note 29
     794   00:0358  76                  	db $76			;Instrument 4
     795   00:0359  CF                  	db $cf			;Wait 16
     796   00:035A  60                  	db $60			;Release 96
     797   00:035B  C1                  	db $c1			;Wait 2
     798   00:035C  BF                  	db $bf			;[End-Of-Track]
     799   00:035D                      .track_121:
     800   00:035D  23                  	db $23			;Note 35
     801   00:035E  78                  	db $78			;Instrument 6
     802   00:035F  23                  	db $23			;Note 35
     803   00:0360  C1                  	db $c1			;Wait 2
     804   00:0361  23                  	db $23			;Note 35
     805   00:0362                      					;Wait Repeat
     806   00:0362  23                  	db $23			;Note 35
     807   00:0363                      					;Wait Repeat
     808   00:0363  23                  	db $23			;Note 35
     809   00:0364                      					;Wait Repeat
     810   00:0364  23                  	db $23			;Note 35
     811   00:0365                      					;Wait Repeat
     812   00:0365  23                  	db $23			;Note 35
     813   00:0366                      					;Wait Repeat
     814   00:0366  23                  	db $23			;Note 35
     815   00:0367                      					;Wait Repeat
     816   00:0367  25                  	db $25			;Note 37
     817   00:0368                      					;Wait Repeat
     818   00:0368  25                  	db $25			;Note 37
     819   00:0369                      					;Wait Repeat
     820   00:0369  25                  	db $25			;Note 37
     821   00:036A                      					;Wait Repeat
     822   00:036A  25                  	db $25			;Note 37
     823   00:036B                      					;Wait Repeat
     824   00:036B  25                  	db $25			;Note 37
     825   00:036C                      					;Wait Repeat
     826   00:036C  25                  	db $25			;Note 37
     827   00:036D                      					;Wait Repeat
     828   00:036D  25                  	db $25			;Note 37
     829   00:036E                      					;Wait Repeat
     830   00:036E  25                  	db $25			;Note 37
     831   00:036F                      					;Wait Repeat
     832   00:036F  BF                  	db $bf			;[End-Of-Track]
     833   00:0370                      .track_122:
     834   00:0370  23                  	db $23			;Note 35
     835   00:0371  76                  	db $76			;Instrument 4
     836   00:0372  C2                  	db $c2			;Wait 3
     837   00:0373  21                  	db $21			;Note 33
     838   00:0374  78                  	db $78			;Instrument 6
     839   00:0375  C1                  	db $c1			;Wait 2
     840   00:0376  23                  	db $23			;Note 35
     841   00:0377  C3                  	db $c3			;Wait 4
     842   00:0378  21                  	db $21			;Note 33
     843   00:0379                      					;Wait Repeat
     844   00:0379  25                  	db $25			;Note 37
     845   00:037A  76                  	db $76			;Instrument 4
     846   00:037B  CF                  	db $cf			;Wait 16
     847   00:037C  60                  	db $60			;Release 96
     848   00:037D  C1                  	db $c1			;Wait 2
     849   00:037E  BF                  	db $bf			;[End-Of-Track]
     850   00:037F                      

    LABELS
-------------------------------------------------
00:00000007   _.restart
00:0000011B   _.customvoice_start
00:0000011B X _.waveform_start
00:0000011B   _.drummacro_start
00:0000011B   _.instrument_start
00:00000127   _.instrument_01
00:00000138 X _.rst_i01
00:0000013A   _.instrument_02
00:0000013B X _.rst_i02
00:0000014B   _.instrument_03
00:00000152 X _.rst_i03
00:00000156   _.instrument_04
00:0000015B X _.rst_i04
00:00000167   _.instrument_05
00:00000177 X _.rst_i05
00:00000179   _.instrument_06
00:00000182 X _.rst_i06
00:00000184   _.track_000
00:00000197   _.track_001
00:0000019C   _.track_002
00:000001A1   _.track_003
00:000001A3   _.track_008
00:000001B4   _.track_009
00:000001BE   _.track_010
00:000001CB   _.track_017
00:000001D4   _.track_018
00:000001E3   _.track_025
00:000001EB   _.track_026
00:000001F2   _.track_033
00:000001FA   _.track_034
00:00000204   _.track_040
00:00000216   _.track_041
00:00000219   _.track_042
00:0000021F   _.track_043
00:00000221   _.track_049
00:00000235   _.track_050
00:00000247   _.track_057
00:00000259   _.track_058
00:00000267   _.track_065
00:00000279   _.track_066
00:0000028A   _.track_073
00:0000029C   _.track_074
00:000002AB   _.track_081
00:000002BD   _.track_082
00:000002CC   _.track_089
00:000002DE   _.track_090
00:000002EE   _.track_097
00:00000301   _.track_098
00:00000312   _.track_104
00:00000325   _.track_105
00:00000336   _.track_106
00:00000348   _.track_112
00:0000034B   _.track_115
00:0000034D   _.track_120
00:0000035D   _.track_121
00:00000370   _.track_122


 Output: test.out
-------------------------------------------------

 Page: 00
  Org: 00000000  Size: *  Used: 0000037F

   Address   Length Align   Label
   00000000     895         _.restart
