Sjasm Z80 Assembler v0.42b8 - www.xl2s.tk             [2020.07.29 - 09:19:24]

test.asm
Errors: 0

       1   00:0000                      ; Song: Moontheme - Ducktales           
       2   00:0000                      ; By:   Org. cover by Tallboyy          
       3   00:0000                      
       4   00:0000                      ; [ Song start data ]
       5   00:0000  08                  	db $08					; Initial song speed.
       6   00:0001  1B 01               	dw .customvoice_start			; Start of the custom voices data.
       7   00:0003  1B 01               	dw .drummacro_start			; Start of the drum macro data.
       8   00:0005  1B 01               	dw .instrument_start			; Start of the instrument data.
       9   00:0007                      
      10   00:0007                      ; [ Song order pointer list ]
      11   00:0007                      .restart:
      12   00:0007                      	dw .track_000, .track_001, .track_002, .track_003, .track_004, .track_005, .track_006, .track_007	; Step:001 Pattern:000
      12   00:0007  84 01 A5 01 AA 01 AF 01 B1 01 B3 01 B5 01 B7 01 
      13   00:0017                      	dw .track_008, .track_009, .track_010, .track_011, .track_012, .track_013, .track_014, .track_015	; Step:002 Pattern:001
      13   00:0017  B9 01 D8 01 E3 01 F2 01 F4 01 F6 01 F8 01 FA 01 
      14   00:0027                      	dw .track_016, .track_017, .track_018, .track_019, .track_020, .track_021, .track_022, .track_023	; Step:003 Pattern:002
      14   00:0027  FC 01 1B 02 25 02 35 02 37 02 39 02 3B 02 3D 02 
      15   00:0037                      	dw .track_024, .track_025, .track_026, .track_027, .track_028, .track_029, .track_030, .track_031	; Step:004 Pattern:003
      15   00:0037  3F 02 5E 02 67 02 6E 02 70 02 72 02 74 02 76 02 
      16   00:0047                      	dw .track_032, .track_033, .track_034, .track_035, .track_036, .track_037, .track_038, .track_039	; Step:005 Pattern:004
      16   00:0047  78 02 97 02 A0 02 AA 02 AC 02 AE 02 B0 02 B2 02 
      17   00:0057                      	dw .track_040, .track_041, .track_042, .track_043, .track_044, .track_045, .track_046, .track_047	; Step:006 Pattern:005
      17   00:0057  B4 02 D5 02 D8 02 DE 02 E0 02 E2 02 E4 02 E6 02 
      18   00:0067                      	dw .track_048, .track_049, .track_050, .track_051, .track_052, .track_053, .track_054, .track_055	; Step:007 Pattern:006
      18   00:0067  E8 02 09 03 2C 03 42 03 44 03 46 03 48 03 4A 03 
      19   00:0077                      	dw .track_056, .track_057, .track_058, .track_059, .track_060, .track_061, .track_062, .track_063	; Step:008 Pattern:007
      19   00:0077  4C 03 6D 03 8E 03 9D 03 9F 03 A1 03 A3 03 A5 03 
      20   00:0087                      	dw .track_064, .track_065, .track_066, .track_067, .track_068, .track_069, .track_070, .track_071	; Step:009 Pattern:008
      20   00:0087  A7 03 C8 03 E9 03 FB 03 FD 03 FF 03 01 04 03 04 
      21   00:0097                      	dw .track_072, .track_073, .track_074, .track_075, .track_076, .track_077, .track_078, .track_079	; Step:010 Pattern:009
      21   00:0097  05 04 26 04 47 04 59 04 5B 04 5D 04 5F 04 61 04 
      22   00:00A7                      	dw .track_080, .track_081, .track_082, .track_083, .track_084, .track_085, .track_086, .track_087	; Step:011 Pattern:010
      22   00:00A7  63 04 84 04 A5 04 B7 04 B9 04 BB 04 BD 04 BF 04 
      23   00:00B7                      	dw .track_088, .track_089, .track_090, .track_091, .track_092, .track_093, .track_094, .track_095	; Step:012 Pattern:011
      23   00:00B7  C1 04 E2 04 03 05 15 05 17 05 19 05 1B 05 1D 05 
      24   00:00C7                      	dw .track_096, .track_097, .track_098, .track_099, .track_100, .track_101, .track_102, .track_103	; Step:013 Pattern:012
      24   00:00C7  1F 05 40 05 62 05 78 05 7A 05 7C 05 7E 05 80 05 
      25   00:00D7                      	dw .track_104, .track_105, .track_106, .track_107, .track_108, .track_109, .track_110, .track_111	; Step:014 Pattern:013
      25   00:00D7  82 05 A4 05 BC 05 D1 05 D3 05 D5 05 D7 05 D9 05 
      26   00:00E7                      	dw .track_112, .track_113, .track_114, .track_115, .track_116, .track_117, .track_118, .track_119	; Step:015 Pattern:014
      26   00:00E7  DB 05 DE 05 E1 05 E4 05 E6 05 E8 05 EA 05 EC 05 
      27   00:00F7                      	dw .track_120, .track_121, .track_122, .track_123, .track_124, .track_125, .track_126, .track_127	; Step:016 Pattern:015
      27   00:00F7  EE 05 FF 05 21 06 31 06 33 06 35 06 37 06 39 06 
      28   00:0107                      	dw .track_120, .track_121, .track_122, .track_123, .track_124, .track_125, .track_126, .track_127	; Step:017 Pattern:015
      28   00:0107  EE 05 FF 05 21 06 31 06 33 06 35 06 37 06 39 06 
      29   00:0117  00 00 07 00         	dw 0x0000, .restart			; End of sequence delimiter + restart address.
      30   00:011B                      
      31   00:011B                      ; [ Custom FM voices ]
      32   00:011B                      .customvoice_start:
      33   00:011B                      
      34   00:011B                      ; [ SCC Waveforms ]
      35   00:011B                      .waveform_start:
      36   00:011B                      
      37   00:011B                      ; [ FM Drum macros]
      38   00:011B                      .drummacro_start:
      39   00:011B                      
      40   00:011B                      ; [ Instruments]
      41   00:011B                      .instrument_start:
      42   00:011B  27 01               	dw .instrument_01				; Instrument 1    
      43   00:011D  3A 01               	dw .instrument_02				;                 
      44   00:011F  4B 01               	dw .instrument_03				;                 
      45   00:0121  56 01               	dw .instrument_04				;                 
      46   00:0123  67 01               	dw .instrument_05				;                 
      47   00:0125  79 01               	dw .instrument_06				;                 
      48   00:0127                      
      49   00:0127                      .instrument_01:					; Instrument 1    
      50   00:0127  00                  	db $00					; FM Voice 0
      51   00:0128  11 0F               	db $11,$0f                		; 00010001
      52   00:012A  13 F1               	db $13,$f1                		; 00010011
      53   00:012C  13 F1               	db $13,$f1                		; 00010011
      54   00:012E  13 F1               	db $13,$f1                		; 00010011
      55   00:0130  11 04               	db $11,$04                		; 00010001
      56   00:0132  13 F8               	db $13,$f8                		; 00010011
      57   00:0134  13 F8               	db $13,$f8                		; 00010011
      58   00:0136  11 08               	db $11,$08                		; 00010001
      59   00:0138                      .rst_i01:
      60   00:0138  11 04               	db $11,$04                		; 00010001
      61   00:013A                      
      62   00:013A                      .instrument_02:					;                 
      63   00:013A  00                  	db $00					; FM Voice 0
      64   00:013B                      .rst_i02:
      65   00:013B  11 0F               	db $11,$0f                		; 00010001
      66   00:013D  11 0F               	db $11,$0f                		; 00010001
      67   00:013F  11 0F               	db $11,$0f                		; 00010001
      68   00:0141  11 0F               	db $11,$0f                		; 00010001
      69   00:0143  11 0F               	db $11,$0f                		; 00010001
      70   00:0145  11 0F               	db $11,$0f                		; 00010001
      71   00:0147  11 0F               	db $11,$0f                		; 00010001
      72   00:0149  11 0E               	db $11,$0e                		; 00010001
      73   00:014B                      
      74   00:014B                      .instrument_03:					;                 
      75   00:014B  00                  	db $00					; FM Voice 0
      76   00:014C  11 0F               	db $11,$0f                		; 00010001
      77   00:014E  11 0E               	db $11,$0e                		; 00010001
      78   00:0150  11 0E               	db $11,$0e                		; 00010001
      79   00:0152                      .rst_i03:
      80   00:0152  10                  	db $10                    		; 00010000
      81   00:0153  10                  	db $10                    		; 00010000
      82   00:0154  13 FF               	db $13,$ff                		; 00010011
      83   00:0156                      
      84   00:0156                      .instrument_04:					;                 
      85   00:0156  00                  	db $00					; FM Voice 0
      86   00:0157  11 0F               	db $11,$0f                		; 00010001
      87   00:0159  11 0E               	db $11,$0e                		; 00010001
      88   00:015B                      .rst_i04:
      89   00:015B  11 0C               	db $11,$0c                		; 00010001
      90   00:015D  15 0C 01 00         	db $15,$0c        ,$01,$00		; 00010101
      91   00:0161  11 0C               	db $11,$0c                		; 00010001
      92   00:0163  15 0C FF FF         	db $15,$0c        ,$ff,$ff		; 00010101
      93   00:0167                      
      94   00:0167                      .instrument_05:					;                 
      95   00:0167  00                  	db $00					; FM Voice 0
      96   00:0168  A1 00 11            	db $a1,$00,$11            		; 10100001
      97   00:016B  A0 13               	db $a0    ,$13            		; 10100000
      98   00:016D  A0 15               	db $a0    ,$15            		; 10100000
      99   00:016F  A0 17               	db $a0    ,$17            		; 10100000
     100   00:0171  A0 19               	db $a0    ,$19            		; 10100000
     101   00:0173  A0 1B               	db $a0    ,$1b            		; 10100000
     102   00:0175  A0 1D               	db $a0    ,$1d            		; 10100000
     103   00:0177                      .rst_i05:
     104   00:0177  A0 1F               	db $a0    ,$1f            		; 10100000
     105   00:0179                      
     106   00:0179                      .instrument_06:					;                 
     107   00:0179  00                  	db $00					; FM Voice 0
     108   00:017A  11 0D               	db $11,$0d                		; 00010001
     109   00:017C  11 0E               	db $11,$0e                		; 00010001
     110   00:017E  11 0F               	db $11,$0f                		; 00010001
     111   00:0180  11 0B               	db $11,$0b                		; 00010001
     112   00:0182                      .rst_i06:
     113   00:0182  11 08               	db $11,$08                		; 00010001
     114   00:0184                      
     115   00:0184                      
     116   00:0184                      ; [ Song track data ]
     117   00:0184                      .track_000:
     118   00:0184  37                  	db $37			;Note 55
     119   00:0185  64                  	db $64			;Instrument 1
     120   00:0186  8E                  	db $8e			;Volume 13
     121   00:0187  C2                  	db $c2			;Wait 2
     122   00:0188  3E                  	db $3e			;Note 62
     123   00:0189  C2                  	db $c2			;Wait 2
     124   00:018A  43                  	db $43			;Note 67
     125   00:018B  C2                  	db $c2			;Wait 2
     126   00:018C  45                  	db $45			;Note 69
     127   00:018D  C2                  	db $c2			;Wait 2
     128   00:018E  3E                  	db $3e			;Note 62
     129   00:018F  C2                  	db $c2			;Wait 2
     130   00:0190  43                  	db $43			;Note 67
     131   00:0191  C2                  	db $c2			;Wait 2
     132   00:0192  45                  	db $45			;Note 69
     133   00:0193  C2                  	db $c2			;Wait 2
     134   00:0194  48                  	db $48			;Note 72
     135   00:0195  C2                  	db $c2			;Wait 2
     136   00:0196  3E                  	db $3e			;Note 62
     137   00:0197  C2                  	db $c2			;Wait 2
     138   00:0198  48                  	db $48			;Note 72
     139   00:0199  C2                  	db $c2			;Wait 2
     140   00:019A  47                  	db $47			;Note 71
     141   00:019B  C2                  	db $c2			;Wait 2
     142   00:019C  3E                  	db $3e			;Note 62
     143   00:019D  C2                  	db $c2			;Wait 2
     144   00:019E  47                  	db $47			;Note 71
     145   00:019F  C2                  	db $c2			;Wait 2
     146   00:01A0  45                  	db $45			;Note 69
     147   00:01A1  C2                  	db $c2			;Wait 2
     148   00:01A2  43                  	db $43			;Note 67
     149   00:01A3  C1                  	db $c1			;Wait 2
     150   00:01A4  BF                  	db $bf			;[End-Of-Track]
     151   00:01A5                      .track_001:
     152   00:01A5  62                  	db $62			;Note 98
     153   00:01A6  66                  	db $66			;Instrument 3
     154   00:01A7  8E                  	db $8e			;Volume 13
     155   00:01A8  DD                  	db $dd			;Wait 30
     156   00:01A9  BF                  	db $bf			;[End-Of-Track]
     157   00:01AA                      .track_002:
     158   00:01AA  62                  	db $62			;Note 98
     159   00:01AB  65                  	db $65			;Instrument 2
     160   00:01AC  8E                  	db $8e			;Volume 13
     161   00:01AD  DD                  	db $dd			;Wait 30
     162   00:01AE  BF                  	db $bf			;[End-Of-Track]
     163   00:01AF                      .track_003:
     164   00:01AF  DD                  	db $dd			;Wait 30
     165   00:01B0  BF                  	db $bf			;[End-Of-Track]
     166   00:01B1                      .track_004:
     167   00:01B1  DD                  	db $dd			;Wait 30
     168   00:01B2  BF                  	db $bf			;[End-Of-Track]
     169   00:01B3                      .track_005:
     170   00:01B3  DD                  	db $dd			;Wait 30
     171   00:01B4  BF                  	db $bf			;[End-Of-Track]
     172   00:01B5                      .track_006:
     173   00:01B5  DD                  	db $dd			;Wait 30
     174   00:01B6  BF                  	db $bf			;[End-Of-Track]
     175   00:01B7                      .track_007:
     176   00:01B7  DD                  	db $dd			;Wait 30
     177   00:01B8  BF                  	db $bf			;[End-Of-Track]
     178   00:01B9                      .track_008:
     179   00:01B9  37                  	db $37			;Note 55
     180   00:01BA  C2                  	db $c2			;Wait 2
     181   00:01BB  3E                  	db $3e			;Note 62
     182   00:01BC  C2                  	db $c2			;Wait 2
     183   00:01BD  43                  	db $43			;Note 67
     184   00:01BE  C2                  	db $c2			;Wait 2
     185   00:01BF  45                  	db $45			;Note 69
     186   00:01C0  C2                  	db $c2			;Wait 2
     187   00:01C1  3E                  	db $3e			;Note 62
     188   00:01C2  C2                  	db $c2			;Wait 2
     189   00:01C3  43                  	db $43			;Note 67
     190   00:01C4  C2                  	db $c2			;Wait 2
     191   00:01C5  45                  	db $45			;Note 69
     192   00:01C6  C2                  	db $c2			;Wait 2
     193   00:01C7  48                  	db $48			;Note 72
     194   00:01C8  C2                  	db $c2			;Wait 2
     195   00:01C9  3E                  	db $3e			;Note 62
     196   00:01CA  C2                  	db $c2			;Wait 2
     197   00:01CB  48                  	db $48			;Note 72
     198   00:01CC  C2                  	db $c2			;Wait 2
     199   00:01CD  47                  	db $47			;Note 71
     200   00:01CE  C2                  	db $c2			;Wait 2
     201   00:01CF  3E                  	db $3e			;Note 62
     202   00:01D0  C2                  	db $c2			;Wait 2
     203   00:01D1  47                  	db $47			;Note 71
     204   00:01D2  C2                  	db $c2			;Wait 2
     205   00:01D3  45                  	db $45			;Note 69
     206   00:01D4  C2                  	db $c2			;Wait 2
     207   00:01D5  43                  	db $43			;Note 67
     208   00:01D6  C1                  	db $c1			;Wait 2
     209   00:01D7  BF                  	db $bf			;[End-Of-Track]
     210   00:01D8                      .track_009:
     211   00:01D8  2B                  	db $2b			;Note 43
     212   00:01D9  66                  	db $66			;Instrument 3
     213   00:01DA  8E                  	db $8e			;Volume 13
     214   00:01DB  C6                  	db $c6			;Wait 6
     215   00:01DC  32                  	db $32			;Note 50
     216   00:01DD  C6                  	db $c6			;Wait 6
     217   00:01DE  37                  	db $37			;Note 55
     218   00:01DF  D1                  	db $d1			;Wait 17
     219   00:01E0  61                  	db $61			;Note 97
     220   00:01E1  C0                  	db $c0			;Wait 1
     221   00:01E2  BF                  	db $bf			;[End-Of-Track]
     222   00:01E3                      .track_010:
     223   00:01E3  26                  	db $26			;Note 38
     224   00:01E4  65                  	db $65			;Instrument 2
     225   00:01E5  8E                  	db $8e			;Volume 13
     226   00:01E6  C7                  	db $c7			;Wait 7
     227   00:01E7  95 85               	db $95,$85			;CMD Vibrato
     228   00:01E9  CB                  	db $cb			;Wait 11
     229   00:01EA  2B                  	db $2b			;Note 43
     230   00:01EB  9B                  	db $9b			;CMD End 
     231   00:01EC  C4                  	db $c4			;Wait 4
     232   00:01ED  2D                  	db $2d			;Note 45
     233   00:01EE  C4                  	db $c4			;Wait 4
     234   00:01EF  30                  	db $30			;Note 48
     235   00:01F0  C3                  	db $c3			;Wait 4
     236   00:01F1  BF                  	db $bf			;[End-Of-Track]
     237   00:01F2                      .track_011:
     238   00:01F2  DD                  	db $dd			;Wait 30
     239   00:01F3  BF                  	db $bf			;[End-Of-Track]
     240   00:01F4                      .track_012:
     241   00:01F4  DD                  	db $dd			;Wait 30
     242   00:01F5  BF                  	db $bf			;[End-Of-Track]
     243   00:01F6                      .track_013:
     244   00:01F6  DD                  	db $dd			;Wait 30
     245   00:01F7  BF                  	db $bf			;[End-Of-Track]
     246   00:01F8                      .track_014:
     247   00:01F8  DD                  	db $dd			;Wait 30
     248   00:01F9  BF                  	db $bf			;[End-Of-Track]
     249   00:01FA                      .track_015:
     250   00:01FA  DD                  	db $dd			;Wait 30
     251   00:01FB  BF                  	db $bf			;[End-Of-Track]
     252   00:01FC                      .track_016:
     253   00:01FC  37                  	db $37			;Note 55
     254   00:01FD  C2                  	db $c2			;Wait 2
     255   00:01FE  3E                  	db $3e			;Note 62
     256   00:01FF  C2                  	db $c2			;Wait 2
     257   00:0200  43                  	db $43			;Note 67
     258   00:0201  C2                  	db $c2			;Wait 2
     259   00:0202  45                  	db $45			;Note 69
     260   00:0203  C2                  	db $c2			;Wait 2
     261   00:0204  3E                  	db $3e			;Note 62
     262   00:0205  C2                  	db $c2			;Wait 2
     263   00:0206  43                  	db $43			;Note 67
     264   00:0207  C2                  	db $c2			;Wait 2
     265   00:0208  45                  	db $45			;Note 69
     266   00:0209  C2                  	db $c2			;Wait 2
     267   00:020A  48                  	db $48			;Note 72
     268   00:020B  C2                  	db $c2			;Wait 2
     269   00:020C  3E                  	db $3e			;Note 62
     270   00:020D  C2                  	db $c2			;Wait 2
     271   00:020E  48                  	db $48			;Note 72
     272   00:020F  C2                  	db $c2			;Wait 2
     273   00:0210  47                  	db $47			;Note 71
     274   00:0211  C2                  	db $c2			;Wait 2
     275   00:0212  3E                  	db $3e			;Note 62
     276   00:0213  C2                  	db $c2			;Wait 2
     277   00:0214  47                  	db $47			;Note 71
     278   00:0215  C2                  	db $c2			;Wait 2
     279   00:0216  45                  	db $45			;Note 69
     280   00:0217  C2                  	db $c2			;Wait 2
     281   00:0218  43                  	db $43			;Note 67
     282   00:0219  C1                  	db $c1			;Wait 2
     283   00:021A  BF                  	db $bf			;[End-Of-Track]
     284   00:021B                      .track_017:
     285   00:021B  29                  	db $29			;Note 41
     286   00:021C  66                  	db $66			;Instrument 3
     287   00:021D  C6                  	db $c6			;Wait 6
     288   00:021E  30                  	db $30			;Note 48
     289   00:021F  C6                  	db $c6			;Wait 6
     290   00:0220  35                  	db $35			;Note 53
     291   00:0221  D1                  	db $d1			;Wait 17
     292   00:0222  61                  	db $61			;Note 97
     293   00:0223  C0                  	db $c0			;Wait 1
     294   00:0224  BF                  	db $bf			;[End-Of-Track]
     295   00:0225                      .track_018:
     296   00:0225  30                  	db $30			;Note 48
     297   00:0226  65                  	db $65			;Instrument 2
     298   00:0227  C6                  	db $c6			;Wait 6
     299   00:0228  2F                  	db $2f			;Note 47
     300   00:0229  C2                  	db $c2			;Wait 2
     301   00:022A  2F                  	db $2f			;Note 47
     302   00:022B  C5                  	db $c5			;Wait 5
     303   00:022C  95 85               	db $95,$85			;CMD Vibrato
     304   00:022E  C9                  	db $c9			;Wait 9
     305   00:022F  2D                  	db $2d			;Note 45
     306   00:0230  9B                  	db $9b			;CMD End 
     307   00:0231  C4                  	db $c4			;Wait 4
     308   00:0232  2B                  	db $2b			;Note 43
     309   00:0233  C3                  	db $c3			;Wait 4
     310   00:0234  BF                  	db $bf			;[End-Of-Track]
     311   00:0235                      .track_019:
     312   00:0235  DD                  	db $dd			;Wait 30
     313   00:0236  BF                  	db $bf			;[End-Of-Track]
     314   00:0237                      .track_020:
     315   00:0237  DD                  	db $dd			;Wait 30
     316   00:0238  BF                  	db $bf			;[End-Of-Track]
     317   00:0239                      .track_021:
     318   00:0239  DD                  	db $dd			;Wait 30
     319   00:023A  BF                  	db $bf			;[End-Of-Track]
     320   00:023B                      .track_022:
     321   00:023B  DD                  	db $dd			;Wait 30
     322   00:023C  BF                  	db $bf			;[End-Of-Track]
     323   00:023D                      .track_023:
     324   00:023D  DD                  	db $dd			;Wait 30
     325   00:023E  BF                  	db $bf			;[End-Of-Track]
     326   00:023F                      .track_024:
     327   00:023F  37                  	db $37			;Note 55
     328   00:0240  C2                  	db $c2			;Wait 2
     329   00:0241  3E                  	db $3e			;Note 62
     330   00:0242  C2                  	db $c2			;Wait 2
     331   00:0243  43                  	db $43			;Note 67
     332   00:0244  C2                  	db $c2			;Wait 2
     333   00:0245  45                  	db $45			;Note 69
     334   00:0246  C2                  	db $c2			;Wait 2
     335   00:0247  3E                  	db $3e			;Note 62
     336   00:0248  C2                  	db $c2			;Wait 2
     337   00:0249  43                  	db $43			;Note 67
     338   00:024A  C2                  	db $c2			;Wait 2
     339   00:024B  45                  	db $45			;Note 69
     340   00:024C  C2                  	db $c2			;Wait 2
     341   00:024D  48                  	db $48			;Note 72
     342   00:024E  C2                  	db $c2			;Wait 2
     343   00:024F  3E                  	db $3e			;Note 62
     344   00:0250  C2                  	db $c2			;Wait 2
     345   00:0251  48                  	db $48			;Note 72
     346   00:0252  C2                  	db $c2			;Wait 2
     347   00:0253  47                  	db $47			;Note 71
     348   00:0254  C2                  	db $c2			;Wait 2
     349   00:0255  3E                  	db $3e			;Note 62
     350   00:0256  C2                  	db $c2			;Wait 2
     351   00:0257  47                  	db $47			;Note 71
     352   00:0258  C2                  	db $c2			;Wait 2
     353   00:0259  45                  	db $45			;Note 69
     354   00:025A  C2                  	db $c2			;Wait 2
     355   00:025B  43                  	db $43			;Note 67
     356   00:025C  C1                  	db $c1			;Wait 2
     357   00:025D  BF                  	db $bf			;[End-Of-Track]
     358   00:025E                      .track_025:
     359   00:025E  28                  	db $28			;Note 40
     360   00:025F  C6                  	db $c6			;Wait 6
     361   00:0260  2F                  	db $2f			;Note 47
     362   00:0261  C6                  	db $c6			;Wait 6
     363   00:0262  34                  	db $34			;Note 52
     364   00:0263  D1                  	db $d1			;Wait 17
     365   00:0264  61                  	db $61			;Note 97
     366   00:0265  C0                  	db $c0			;Wait 1
     367   00:0266  BF                  	db $bf			;[End-Of-Track]
     368   00:0267                      .track_026:
     369   00:0267  32                  	db $32			;Note 50
     370   00:0268  CC                  	db $cc			;Wait 12
     371   00:0269  2B                  	db $2b			;Note 43
     372   00:026A  CC                  	db $cc			;Wait 12
     373   00:026B  37                  	db $37			;Note 55
     374   00:026C  C5                  	db $c5			;Wait 6
     375   00:026D  BF                  	db $bf			;[End-Of-Track]
     376   00:026E                      .track_027:
     377   00:026E  DD                  	db $dd			;Wait 30
     378   00:026F  BF                  	db $bf			;[End-Of-Track]
     379   00:0270                      .track_028:
     380   00:0270  DD                  	db $dd			;Wait 30
     381   00:0271  BF                  	db $bf			;[End-Of-Track]
     382   00:0272                      .track_029:
     383   00:0272  DD                  	db $dd			;Wait 30
     384   00:0273  BF                  	db $bf			;[End-Of-Track]
     385   00:0274                      .track_030:
     386   00:0274  DD                  	db $dd			;Wait 30
     387   00:0275  BF                  	db $bf			;[End-Of-Track]
     388   00:0276                      .track_031:
     389   00:0276  DD                  	db $dd			;Wait 30
     390   00:0277  BF                  	db $bf			;[End-Of-Track]
     391   00:0278                      .track_032:
     392   00:0278  37                  	db $37			;Note 55
     393   00:0279  C2                  	db $c2			;Wait 2
     394   00:027A  3E                  	db $3e			;Note 62
     395   00:027B  C2                  	db $c2			;Wait 2
     396   00:027C  43                  	db $43			;Note 67
     397   00:027D  C2                  	db $c2			;Wait 2
     398   00:027E  45                  	db $45			;Note 69
     399   00:027F  C2                  	db $c2			;Wait 2
     400   00:0280  3E                  	db $3e			;Note 62
     401   00:0281  C2                  	db $c2			;Wait 2
     402   00:0282  43                  	db $43			;Note 67
     403   00:0283  C2                  	db $c2			;Wait 2
     404   00:0284  45                  	db $45			;Note 69
     405   00:0285  C2                  	db $c2			;Wait 2
     406   00:0286  48                  	db $48			;Note 72
     407   00:0287  C2                  	db $c2			;Wait 2
     408   00:0288  3E                  	db $3e			;Note 62
     409   00:0289  C2                  	db $c2			;Wait 2
     410   00:028A  48                  	db $48			;Note 72
     411   00:028B  C2                  	db $c2			;Wait 2
     412   00:028C  47                  	db $47			;Note 71
     413   00:028D  C2                  	db $c2			;Wait 2
     414   00:028E  3E                  	db $3e			;Note 62
     415   00:028F  C2                  	db $c2			;Wait 2
     416   00:0290  47                  	db $47			;Note 71
     417   00:0291  C2                  	db $c2			;Wait 2
     418   00:0292  45                  	db $45			;Note 69
     419   00:0293  C2                  	db $c2			;Wait 2
     420   00:0294  43                  	db $43			;Note 67
     421   00:0295  C1                  	db $c1			;Wait 2
     422   00:0296  BF                  	db $bf			;[End-Of-Track]
     423   00:0297                      .track_033:
     424   00:0297  27                  	db $27			;Note 39
     425   00:0298  C6                  	db $c6			;Wait 6
     426   00:0299  2E                  	db $2e			;Note 46
     427   00:029A  C6                  	db $c6			;Wait 6
     428   00:029B  33                  	db $33			;Note 51
     429   00:029C  D1                  	db $d1			;Wait 17
     430   00:029D  61                  	db $61			;Note 97
     431   00:029E  C0                  	db $c0			;Wait 1
     432   00:029F  BF                  	db $bf			;[End-Of-Track]
     433   00:02A0                      .track_034:
     434   00:02A0  C7                  	db $c7			;Wait 7
     435   00:02A1  95 84               	db $95,$84			;CMD Vibrato
     436   00:02A3  D1                  	db $d1			;Wait 17
     437   00:02A4  39                  	db $39			;Note 57
     438   00:02A5  9B                  	db $9b			;CMD End 
     439   00:02A6  C4                  	db $c4			;Wait 4
     440   00:02A7  37                  	db $37			;Note 55
     441   00:02A8  C1                  	db $c1			;Wait 2
     442   00:02A9  BF                  	db $bf			;[End-Of-Track]
     443   00:02AA                      .track_035:
     444   00:02AA  DD                  	db $dd			;Wait 30
     445   00:02AB  BF                  	db $bf			;[End-Of-Track]
     446   00:02AC                      .track_036:
     447   00:02AC  DD                  	db $dd			;Wait 30
     448   00:02AD  BF                  	db $bf			;[End-Of-Track]
     449   00:02AE                      .track_037:
     450   00:02AE  DD                  	db $dd			;Wait 30
     451   00:02AF  BF                  	db $bf			;[End-Of-Track]
     452   00:02B0                      .track_038:
     453   00:02B0  DD                  	db $dd			;Wait 30
     454   00:02B1  BF                  	db $bf			;[End-Of-Track]
     455   00:02B2                      .track_039:
     456   00:02B2  DD                  	db $dd			;Wait 30
     457   00:02B3  BF                  	db $bf			;[End-Of-Track]
     458   00:02B4                      .track_040:
     459   00:02B4  37                  	db $37			;Note 55
     460   00:02B5  C2                  	db $c2			;Wait 2
     461   00:02B6  3E                  	db $3e			;Note 62
     462   00:02B7  C2                  	db $c2			;Wait 2
     463   00:02B8  43                  	db $43			;Note 67
     464   00:02B9  C2                  	db $c2			;Wait 2
     465   00:02BA  45                  	db $45			;Note 69
     466   00:02BB  C2                  	db $c2			;Wait 2
     467   00:02BC  3E                  	db $3e			;Note 62
     468   00:02BD  C2                  	db $c2			;Wait 2
     469   00:02BE  43                  	db $43			;Note 67
     470   00:02BF  C2                  	db $c2			;Wait 2
     471   00:02C0  45                  	db $45			;Note 69
     472   00:02C1  C2                  	db $c2			;Wait 2
     473   00:02C2  3E                  	db $3e			;Note 62
     474   00:02C3  C2                  	db $c2			;Wait 2
     475   00:02C4  48                  	db $48			;Note 72
     476   00:02C5  C2                  	db $c2			;Wait 2
     477   00:02C6  3E                  	db $3e			;Note 62
     478   00:02C7  C2                  	db $c2			;Wait 2
     479   00:02C8  48                  	db $48			;Note 72
     480   00:02C9  C2                  	db $c2			;Wait 2
     481   00:02CA  47                  	db $47			;Note 71
     482   00:02CB  C2                  	db $c2			;Wait 2
     483   00:02CC  3E                  	db $3e			;Note 62
     484   00:02CD  C2                  	db $c2			;Wait 2
     485   00:02CE  47                  	db $47			;Note 71
     486   00:02CF  C2                  	db $c2			;Wait 2
     487   00:02D0  45                  	db $45			;Note 69
     488   00:02D1  C2                  	db $c2			;Wait 2
     489   00:02D2  43                  	db $43			;Note 67
     490   00:02D3  C1                  	db $c1			;Wait 2
     491   00:02D4  BF                  	db $bf			;[End-Of-Track]
     492   00:02D5                      .track_041:
     493   00:02D5  37                  	db $37			;Note 55
     494   00:02D6  DF                  	db $df			;Wait 32
     495   00:02D7  BF                  	db $bf			;[End-Of-Track]
     496   00:02D8                      .track_042:
     497   00:02D8  3E                  	db $3e			;Note 62
     498   00:02D9  CE                  	db $ce			;Wait 14
     499   00:02DA  95 82               	db $95,$82			;CMD Vibrato
     500   00:02DC  D1                  	db $d1			;Wait 18
     501   00:02DD  BF                  	db $bf			;[End-Of-Track]
     502   00:02DE                      .track_043:
     503   00:02DE  DF                  	db $df			;Wait 32
     504   00:02DF  BF                  	db $bf			;[End-Of-Track]
     505   00:02E0                      .track_044:
     506   00:02E0  DF                  	db $df			;Wait 32
     507   00:02E1  BF                  	db $bf			;[End-Of-Track]
     508   00:02E2                      .track_045:
     509   00:02E2  DF                  	db $df			;Wait 32
     510   00:02E3  BF                  	db $bf			;[End-Of-Track]
     511   00:02E4                      .track_046:
     512   00:02E4  DF                  	db $df			;Wait 32
     513   00:02E5  BF                  	db $bf			;[End-Of-Track]
     514   00:02E6                      .track_047:
     515   00:02E6  DF                  	db $df			;Wait 32
     516   00:02E7  BF                  	db $bf			;[End-Of-Track]
     517   00:02E8                      .track_048:
     518   00:02E8  37                  	db $37			;Note 55
     519   00:02E9  C2                  	db $c2			;Wait 2
     520   00:02EA  3E                  	db $3e			;Note 62
     521   00:02EB  C2                  	db $c2			;Wait 2
     522   00:02EC  43                  	db $43			;Note 67
     523   00:02ED  C2                  	db $c2			;Wait 2
     524   00:02EE  45                  	db $45			;Note 69
     525   00:02EF  C2                  	db $c2			;Wait 2
     526   00:02F0  3E                  	db $3e			;Note 62
     527   00:02F1  C2                  	db $c2			;Wait 2
     528   00:02F2  43                  	db $43			;Note 67
     529   00:02F3  C2                  	db $c2			;Wait 2
     530   00:02F4  45                  	db $45			;Note 69
     531   00:02F5  C2                  	db $c2			;Wait 2
     532   00:02F6  3E                  	db $3e			;Note 62
     533   00:02F7  C2                  	db $c2			;Wait 2
     534   00:02F8  48                  	db $48			;Note 72
     535   00:02F9  C2                  	db $c2			;Wait 2
     536   00:02FA  3E                  	db $3e			;Note 62
     537   00:02FB  C2                  	db $c2			;Wait 2
     538   00:02FC  48                  	db $48			;Note 72
     539   00:02FD  C2                  	db $c2			;Wait 2
     540   00:02FE  47                  	db $47			;Note 71
     541   00:02FF  C2                  	db $c2			;Wait 2
     542   00:0300  3E                  	db $3e			;Note 62
     543   00:0301  C2                  	db $c2			;Wait 2
     544   00:0302  47                  	db $47			;Note 71
     545   00:0303  C2                  	db $c2			;Wait 2
     546   00:0304  45                  	db $45			;Note 69
     547   00:0305  C2                  	db $c2			;Wait 2
     548   00:0306  43                  	db $43			;Note 67
     549   00:0307  C1                  	db $c1			;Wait 2
     550   00:0308  BF                  	db $bf			;[End-Of-Track]
     551   00:0309                      .track_049:
     552   00:0309  1F                  	db $1f			;Note 31
     553   00:030A  69                  	db $69			;Instrument 6
     554   00:030B  8E                  	db $8e			;Volume 13
     555   00:030C  C2                  	db $c2			;Wait 2
     556   00:030D  1F                  	db $1f			;Note 31
     557   00:030E  C2                  	db $c2			;Wait 2
     558   00:030F  1F                  	db $1f			;Note 31
     559   00:0310  C2                  	db $c2			;Wait 2
     560   00:0311  1F                  	db $1f			;Note 31
     561   00:0312  C2                  	db $c2			;Wait 2
     562   00:0313  1F                  	db $1f			;Note 31
     563   00:0314  C2                  	db $c2			;Wait 2
     564   00:0315  1F                  	db $1f			;Note 31
     565   00:0316  C2                  	db $c2			;Wait 2
     566   00:0317  1F                  	db $1f			;Note 31
     567   00:0318  C2                  	db $c2			;Wait 2
     568   00:0319  1F                  	db $1f			;Note 31
     569   00:031A  C2                  	db $c2			;Wait 2
     570   00:031B  1E                  	db $1e			;Note 30
     571   00:031C  C2                  	db $c2			;Wait 2
     572   00:031D  1E                  	db $1e			;Note 30
     573   00:031E  C2                  	db $c2			;Wait 2
     574   00:031F  1E                  	db $1e			;Note 30
     575   00:0320  C2                  	db $c2			;Wait 2
     576   00:0321  1E                  	db $1e			;Note 30
     577   00:0322  C2                  	db $c2			;Wait 2
     578   00:0323  1E                  	db $1e			;Note 30
     579   00:0324  C2                  	db $c2			;Wait 2
     580   00:0325  1E                  	db $1e			;Note 30
     581   00:0326  C2                  	db $c2			;Wait 2
     582   00:0327  1E                  	db $1e			;Note 30
     583   00:0328  C2                  	db $c2			;Wait 2
     584   00:0329  1E                  	db $1e			;Note 30
     585   00:032A  C1                  	db $c1			;Wait 2
     586   00:032B  BF                  	db $bf			;[End-Of-Track]
     587   00:032C                      .track_050:
     588   00:032C  61                  	db $61			;Note 97
     589   00:032D  67                  	db $67			;Instrument 4
     590   00:032E  90                  	db $90			;Volume 15
     591   00:032F  9B                  	db $9b			;CMD End 
     592   00:0330  C8                  	db $c8			;Wait 8
     593   00:0331  23                  	db $23			;Note 35
     594   00:0332  C2                  	db $c2			;Wait 2
     595   00:0333  24                  	db $24			;Note 36
     596   00:0334  C2                  	db $c2			;Wait 2
     597   00:0335  26                  	db $26			;Note 38
     598   00:0336  69                  	db $69			;Instrument 6
     599   00:0337  C2                  	db $c2			;Wait 2
     600   00:0338  26                  	db $26			;Note 38
     601   00:0339  67                  	db $67			;Instrument 4
     602   00:033A  C6                  	db $c6			;Wait 6
     603   00:033B  2B                  	db $2b			;Note 43
     604   00:033C  C4                  	db $c4			;Wait 4
     605   00:033D  2A                  	db $2a			;Note 42
     606   00:033E  C4                  	db $c4			;Wait 4
     607   00:033F  2B                  	db $2b			;Note 43
     608   00:0340  C3                  	db $c3			;Wait 4
     609   00:0341  BF                  	db $bf			;[End-Of-Track]
     610   00:0342                      .track_051:
     611   00:0342  DF                  	db $df			;Wait 32
     612   00:0343  BF                  	db $bf			;[End-Of-Track]
     613   00:0344                      .track_052:
     614   00:0344  DF                  	db $df			;Wait 32
     615   00:0345  BF                  	db $bf			;[End-Of-Track]
     616   00:0346                      .track_053:
     617   00:0346  DF                  	db $df			;Wait 32
     618   00:0347  BF                  	db $bf			;[End-Of-Track]
     619   00:0348                      .track_054:
     620   00:0348  DF                  	db $df			;Wait 32
     621   00:0349  BF                  	db $bf			;[End-Of-Track]
     622   00:034A                      .track_055:
     623   00:034A  DF                  	db $df			;Wait 32
     624   00:034B  BF                  	db $bf			;[End-Of-Track]
     625   00:034C                      .track_056:
     626   00:034C  37                  	db $37			;Note 55
     627   00:034D  C2                  	db $c2			;Wait 2
     628   00:034E  3E                  	db $3e			;Note 62
     629   00:034F  C2                  	db $c2			;Wait 2
     630   00:0350  43                  	db $43			;Note 67
     631   00:0351  C2                  	db $c2			;Wait 2
     632   00:0352  45                  	db $45			;Note 69
     633   00:0353  C2                  	db $c2			;Wait 2
     634   00:0354  3E                  	db $3e			;Note 62
     635   00:0355  C2                  	db $c2			;Wait 2
     636   00:0356  43                  	db $43			;Note 67
     637   00:0357  C2                  	db $c2			;Wait 2
     638   00:0358  45                  	db $45			;Note 69
     639   00:0359  C2                  	db $c2			;Wait 2
     640   00:035A  3E                  	db $3e			;Note 62
     641   00:035B  C2                  	db $c2			;Wait 2
     642   00:035C  48                  	db $48			;Note 72
     643   00:035D  C2                  	db $c2			;Wait 2
     644   00:035E  3E                  	db $3e			;Note 62
     645   00:035F  C2                  	db $c2			;Wait 2
     646   00:0360  48                  	db $48			;Note 72
     647   00:0361  C2                  	db $c2			;Wait 2
     648   00:0362  47                  	db $47			;Note 71
     649   00:0363  C2                  	db $c2			;Wait 2
     650   00:0364  3E                  	db $3e			;Note 62
     651   00:0365  C2                  	db $c2			;Wait 2
     652   00:0366  47                  	db $47			;Note 71
     653   00:0367  C2                  	db $c2			;Wait 2
     654   00:0368  45                  	db $45			;Note 69
     655   00:0369  C2                  	db $c2			;Wait 2
     656   00:036A  43                  	db $43			;Note 67
     657   00:036B  C1                  	db $c1			;Wait 2
     658   00:036C  BF                  	db $bf			;[End-Of-Track]
     659   00:036D                      .track_057:
     660   00:036D  1C                  	db $1c			;Note 28
     661   00:036E  C2                  	db $c2			;Wait 2
     662   00:036F  1C                  	db $1c			;Note 28
     663   00:0370  C2                  	db $c2			;Wait 2
     664   00:0371  1C                  	db $1c			;Note 28
     665   00:0372  C2                  	db $c2			;Wait 2
     666   00:0373  1C                  	db $1c			;Note 28
     667   00:0374  C2                  	db $c2			;Wait 2
     668   00:0375  1C                  	db $1c			;Note 28
     669   00:0376  C2                  	db $c2			;Wait 2
     670   00:0377  1C                  	db $1c			;Note 28
     671   00:0378  C2                  	db $c2			;Wait 2
     672   00:0379  1C                  	db $1c			;Note 28
     673   00:037A  C2                  	db $c2			;Wait 2
     674   00:037B  1C                  	db $1c			;Note 28
     675   00:037C  C2                  	db $c2			;Wait 2
     676   00:037D  1A                  	db $1a			;Note 26
     677   00:037E  C2                  	db $c2			;Wait 2
     678   00:037F  1A                  	db $1a			;Note 26
     679   00:0380  C2                  	db $c2			;Wait 2
     680   00:0381  1A                  	db $1a			;Note 26
     681   00:0382  C2                  	db $c2			;Wait 2
     682   00:0383  1A                  	db $1a			;Note 26
     683   00:0384  C2                  	db $c2			;Wait 2
     684   00:0385  1A                  	db $1a			;Note 26
     685   00:0386  C2                  	db $c2			;Wait 2
     686   00:0387  1A                  	db $1a			;Note 26
     687   00:0388  C2                  	db $c2			;Wait 2
     688   00:0389  1A                  	db $1a			;Note 26
     689   00:038A  C2                  	db $c2			;Wait 2
     690   00:038B  1A                  	db $1a			;Note 26
     691   00:038C  C1                  	db $c1			;Wait 2
     692   00:038D  BF                  	db $bf			;[End-Of-Track]
     693   00:038E                      .track_058:
     694   00:038E  2D                  	db $2d			;Note 45
     695   00:038F  C4                  	db $c4			;Wait 4
     696   00:0390  2F                  	db $2f			;Note 47
     697   00:0391  C2                  	db $c2			;Wait 2
     698   00:0392  2B                  	db $2b			;Note 43
     699   00:0393  CA                  	db $ca			;Wait 10
     700   00:0394  95 85               	db $95,$85			;CMD Vibrato
     701   00:0396  CC                  	db $cc			;Wait 12
     702   00:0397  2A                  	db $2a			;Note 42
     703   00:0398  9B                  	db $9b			;CMD End 
     704   00:0399  C2                  	db $c2			;Wait 2
     705   00:039A  2B                  	db $2b			;Note 43
     706   00:039B  C1                  	db $c1			;Wait 2
     707   00:039C  BF                  	db $bf			;[End-Of-Track]
     708   00:039D                      .track_059:
     709   00:039D  DF                  	db $df			;Wait 32
     710   00:039E  BF                  	db $bf			;[End-Of-Track]
     711   00:039F                      .track_060:
     712   00:039F  DF                  	db $df			;Wait 32
     713   00:03A0  BF                  	db $bf			;[End-Of-Track]
     714   00:03A1                      .track_061:
     715   00:03A1  DF                  	db $df			;Wait 32
     716   00:03A2  BF                  	db $bf			;[End-Of-Track]
     717   00:03A3                      .track_062:
     718   00:03A3  DF                  	db $df			;Wait 32
     719   00:03A4  BF                  	db $bf			;[End-Of-Track]
     720   00:03A5                      .track_063:
     721   00:03A5  DF                  	db $df			;Wait 32
     722   00:03A6  BF                  	db $bf			;[End-Of-Track]
     723   00:03A7                      .track_064:
     724   00:03A7  37                  	db $37			;Note 55
     725   00:03A8  C2                  	db $c2			;Wait 2
     726   00:03A9  3E                  	db $3e			;Note 62
     727   00:03AA  C2                  	db $c2			;Wait 2
     728   00:03AB  43                  	db $43			;Note 67
     729   00:03AC  C2                  	db $c2			;Wait 2
     730   00:03AD  45                  	db $45			;Note 69
     731   00:03AE  C2                  	db $c2			;Wait 2
     732   00:03AF  3E                  	db $3e			;Note 62
     733   00:03B0  C2                  	db $c2			;Wait 2
     734   00:03B1  43                  	db $43			;Note 67
     735   00:03B2  C2                  	db $c2			;Wait 2
     736   00:03B3  45                  	db $45			;Note 69
     737   00:03B4  C2                  	db $c2			;Wait 2
     738   00:03B5  3E                  	db $3e			;Note 62
     739   00:03B6  C2                  	db $c2			;Wait 2
     740   00:03B7  48                  	db $48			;Note 72
     741   00:03B8  C2                  	db $c2			;Wait 2
     742   00:03B9  3E                  	db $3e			;Note 62
     743   00:03BA  C2                  	db $c2			;Wait 2
     744   00:03BB  48                  	db $48			;Note 72
     745   00:03BC  C2                  	db $c2			;Wait 2
     746   00:03BD  47                  	db $47			;Note 71
     747   00:03BE  C2                  	db $c2			;Wait 2
     748   00:03BF  3E                  	db $3e			;Note 62
     749   00:03C0  C2                  	db $c2			;Wait 2
     750   00:03C1  47                  	db $47			;Note 71
     751   00:03C2  C2                  	db $c2			;Wait 2
     752   00:03C3  45                  	db $45			;Note 69
     753   00:03C4  C2                  	db $c2			;Wait 2
     754   00:03C5  43                  	db $43			;Note 67
     755   00:03C6  C1                  	db $c1			;Wait 2
     756   00:03C7  BF                  	db $bf			;[End-Of-Track]
     757   00:03C8                      .track_065:
     758   00:03C8  24                  	db $24			;Note 36
     759   00:03C9  C2                  	db $c2			;Wait 2
     760   00:03CA  24                  	db $24			;Note 36
     761   00:03CB  C2                  	db $c2			;Wait 2
     762   00:03CC  24                  	db $24			;Note 36
     763   00:03CD  C2                  	db $c2			;Wait 2
     764   00:03CE  24                  	db $24			;Note 36
     765   00:03CF  C2                  	db $c2			;Wait 2
     766   00:03D0  24                  	db $24			;Note 36
     767   00:03D1  C2                  	db $c2			;Wait 2
     768   00:03D2  24                  	db $24			;Note 36
     769   00:03D3  C2                  	db $c2			;Wait 2
     770   00:03D4  24                  	db $24			;Note 36
     771   00:03D5  C2                  	db $c2			;Wait 2
     772   00:03D6  24                  	db $24			;Note 36
     773   00:03D7  C2                  	db $c2			;Wait 2
     774   00:03D8  25                  	db $25			;Note 37
     775   00:03D9  C2                  	db $c2			;Wait 2
     776   00:03DA  25                  	db $25			;Note 37
     777   00:03DB  C2                  	db $c2			;Wait 2
     778   00:03DC  25                  	db $25			;Note 37
     779   00:03DD  C2                  	db $c2			;Wait 2
     780   00:03DE  25                  	db $25			;Note 37
     781   00:03DF  C2                  	db $c2			;Wait 2
     782   00:03E0  25                  	db $25			;Note 37
     783   00:03E1  C2                  	db $c2			;Wait 2
     784   00:03E2  25                  	db $25			;Note 37
     785   00:03E3  C2                  	db $c2			;Wait 2
     786   00:03E4  25                  	db $25			;Note 37
     787   00:03E5  C2                  	db $c2			;Wait 2
     788   00:03E6  25                  	db $25			;Note 37
     789   00:03E7  C1                  	db $c1			;Wait 2
     790   00:03E8  BF                  	db $bf			;[End-Of-Track]
     791   00:03E9                      .track_066:
     792   00:03E9  32                  	db $32			;Note 50
     793   00:03EA  67                  	db $67			;Instrument 4
     794   00:03EB  C6                  	db $c6			;Wait 6
     795   00:03EC  2B                  	db $2b			;Note 43
     796   00:03ED  69                  	db $69			;Instrument 6
     797   00:03EE  C2                  	db $c2			;Wait 2
     798   00:03EF  2B                  	db $2b			;Note 43
     799   00:03F0  67                  	db $67			;Instrument 4
     800   00:03F1  C8                  	db $c8			;Wait 8
     801   00:03F2  95 85               	db $95,$85			;CMD Vibrato
     802   00:03F4  CC                  	db $cc			;Wait 12
     803   00:03F5  2B                  	db $2b			;Note 43
     804   00:03F6  69                  	db $69			;Instrument 6
     805   00:03F7  C2                  	db $c2			;Wait 2
     806   00:03F8  2B                  	db $2b			;Note 43
     807   00:03F9  C1                  	db $c1			;Wait 2
     808   00:03FA  BF                  	db $bf			;[End-Of-Track]
     809   00:03FB                      .track_067:
     810   00:03FB  DF                  	db $df			;Wait 32
     811   00:03FC  BF                  	db $bf			;[End-Of-Track]
     812   00:03FD                      .track_068:
     813   00:03FD  DF                  	db $df			;Wait 32
     814   00:03FE  BF                  	db $bf			;[End-Of-Track]
     815   00:03FF                      .track_069:
     816   00:03FF  DF                  	db $df			;Wait 32
     817   00:0400  BF                  	db $bf			;[End-Of-Track]
     818   00:0401                      .track_070:
     819   00:0401  DF                  	db $df			;Wait 32
     820   00:0402  BF                  	db $bf			;[End-Of-Track]
     821   00:0403                      .track_071:
     822   00:0403  DF                  	db $df			;Wait 32
     823   00:0404  BF                  	db $bf			;[End-Of-Track]
     824   00:0405                      .track_072:
     825   00:0405  37                  	db $37			;Note 55
     826   00:0406  C2                  	db $c2			;Wait 2
     827   00:0407  3E                  	db $3e			;Note 62
     828   00:0408  C2                  	db $c2			;Wait 2
     829   00:0409  43                  	db $43			;Note 67
     830   00:040A  C2                  	db $c2			;Wait 2
     831   00:040B  45                  	db $45			;Note 69
     832   00:040C  C2                  	db $c2			;Wait 2
     833   00:040D  3E                  	db $3e			;Note 62
     834   00:040E  C2                  	db $c2			;Wait 2
     835   00:040F  43                  	db $43			;Note 67
     836   00:0410  C2                  	db $c2			;Wait 2
     837   00:0411  45                  	db $45			;Note 69
     838   00:0412  C2                  	db $c2			;Wait 2
     839   00:0413  3E                  	db $3e			;Note 62
     840   00:0414  C2                  	db $c2			;Wait 2
     841   00:0415  48                  	db $48			;Note 72
     842   00:0416  C2                  	db $c2			;Wait 2
     843   00:0417  3E                  	db $3e			;Note 62
     844   00:0418  C2                  	db $c2			;Wait 2
     845   00:0419  48                  	db $48			;Note 72
     846   00:041A  C2                  	db $c2			;Wait 2
     847   00:041B  47                  	db $47			;Note 71
     848   00:041C  C2                  	db $c2			;Wait 2
     849   00:041D  3E                  	db $3e			;Note 62
     850   00:041E  C2                  	db $c2			;Wait 2
     851   00:041F  47                  	db $47			;Note 71
     852   00:0420  C2                  	db $c2			;Wait 2
     853   00:0421  45                  	db $45			;Note 69
     854   00:0422  C2                  	db $c2			;Wait 2
     855   00:0423  43                  	db $43			;Note 67
     856   00:0424  C1                  	db $c1			;Wait 2
     857   00:0425  BF                  	db $bf			;[End-Of-Track]
     858   00:0426                      .track_073:
     859   00:0426  1A                  	db $1a			;Note 26
     860   00:0427  C2                  	db $c2			;Wait 2
     861   00:0428  1A                  	db $1a			;Note 26
     862   00:0429  C2                  	db $c2			;Wait 2
     863   00:042A  1A                  	db $1a			;Note 26
     864   00:042B  C2                  	db $c2			;Wait 2
     865   00:042C  1A                  	db $1a			;Note 26
     866   00:042D  C2                  	db $c2			;Wait 2
     867   00:042E  1A                  	db $1a			;Note 26
     868   00:042F  C2                  	db $c2			;Wait 2
     869   00:0430  1A                  	db $1a			;Note 26
     870   00:0431  C2                  	db $c2			;Wait 2
     871   00:0432  1A                  	db $1a			;Note 26
     872   00:0433  C2                  	db $c2			;Wait 2
     873   00:0434  1A                  	db $1a			;Note 26
     874   00:0435  C2                  	db $c2			;Wait 2
     875   00:0436  1A                  	db $1a			;Note 26
     876   00:0437  C2                  	db $c2			;Wait 2
     877   00:0438  1A                  	db $1a			;Note 26
     878   00:0439  C2                  	db $c2			;Wait 2
     879   00:043A  1A                  	db $1a			;Note 26
     880   00:043B  C2                  	db $c2			;Wait 2
     881   00:043C  1A                  	db $1a			;Note 26
     882   00:043D  C2                  	db $c2			;Wait 2
     883   00:043E  1A                  	db $1a			;Note 26
     884   00:043F  C2                  	db $c2			;Wait 2
     885   00:0440  1A                  	db $1a			;Note 26
     886   00:0441  C2                  	db $c2			;Wait 2
     887   00:0442  1A                  	db $1a			;Note 26
     888   00:0443  C2                  	db $c2			;Wait 2
     889   00:0444  1A                  	db $1a			;Note 26
     890   00:0445  C1                  	db $c1			;Wait 2
     891   00:0446  BF                  	db $bf			;[End-Of-Track]
     892   00:0447                      .track_074:
     893   00:0447  2B                  	db $2b			;Note 43
     894   00:0448  67                  	db $67			;Instrument 4
     895   00:0449  C8                  	db $c8			;Wait 8
     896   00:044A  61                  	db $61			;Note 97
     897   00:044B  C2                  	db $c2			;Wait 2
     898   00:044C  2D                  	db $2d			;Note 45
     899   00:044D  C2                  	db $c2			;Wait 2
     900   00:044E  2B                  	db $2b			;Note 43
     901   00:044F  C2                  	db $c2			;Wait 2
     902   00:0450  2A                  	db $2a			;Note 42
     903   00:0451  C8                  	db $c8			;Wait 8
     904   00:0452  95 85               	db $95,$85			;CMD Vibrato
     905   00:0454  C9                  	db $c9			;Wait 9
     906   00:0455  61                  	db $61			;Note 97
     907   00:0456  9B                  	db $9b			;CMD End 
     908   00:0457  C0                  	db $c0			;Wait 1
     909   00:0458  BF                  	db $bf			;[End-Of-Track]
     910   00:0459                      .track_075:
     911   00:0459  DF                  	db $df			;Wait 32
     912   00:045A  BF                  	db $bf			;[End-Of-Track]
     913   00:045B                      .track_076:
     914   00:045B  DF                  	db $df			;Wait 32
     915   00:045C  BF                  	db $bf			;[End-Of-Track]
     916   00:045D                      .track_077:
     917   00:045D  DF                  	db $df			;Wait 32
     918   00:045E  BF                  	db $bf			;[End-Of-Track]
     919   00:045F                      .track_078:
     920   00:045F  DF                  	db $df			;Wait 32
     921   00:0460  BF                  	db $bf			;[End-Of-Track]
     922   00:0461                      .track_079:
     923   00:0461  DF                  	db $df			;Wait 32
     924   00:0462  BF                  	db $bf			;[End-Of-Track]
     925   00:0463                      .track_080:
     926   00:0463  37                  	db $37			;Note 55
     927   00:0464  C2                  	db $c2			;Wait 2
     928   00:0465  3E                  	db $3e			;Note 62
     929   00:0466  C2                  	db $c2			;Wait 2
     930   00:0467  43                  	db $43			;Note 67
     931   00:0468  C2                  	db $c2			;Wait 2
     932   00:0469  45                  	db $45			;Note 69
     933   00:046A  C2                  	db $c2			;Wait 2
     934   00:046B  3E                  	db $3e			;Note 62
     935   00:046C  C2                  	db $c2			;Wait 2
     936   00:046D  43                  	db $43			;Note 67
     937   00:046E  C2                  	db $c2			;Wait 2
     938   00:046F  45                  	db $45			;Note 69
     939   00:0470  C2                  	db $c2			;Wait 2
     940   00:0471  3E                  	db $3e			;Note 62
     941   00:0472  C2                  	db $c2			;Wait 2
     942   00:0473  48                  	db $48			;Note 72
     943   00:0474  C2                  	db $c2			;Wait 2
     944   00:0475  3E                  	db $3e			;Note 62
     945   00:0476  C2                  	db $c2			;Wait 2
     946   00:0477  48                  	db $48			;Note 72
     947   00:0478  C2                  	db $c2			;Wait 2
     948   00:0479  47                  	db $47			;Note 71
     949   00:047A  C2                  	db $c2			;Wait 2
     950   00:047B  3E                  	db $3e			;Note 62
     951   00:047C  C2                  	db $c2			;Wait 2
     952   00:047D  47                  	db $47			;Note 71
     953   00:047E  C2                  	db $c2			;Wait 2
     954   00:047F  45                  	db $45			;Note 69
     955   00:0480  C2                  	db $c2			;Wait 2
     956   00:0481  43                  	db $43			;Note 67
     957   00:0482  C1                  	db $c1			;Wait 2
     958   00:0483  BF                  	db $bf			;[End-Of-Track]
     959   00:0484                      .track_081:
     960   00:0484  1F                  	db $1f			;Note 31
     961   00:0485  C2                  	db $c2			;Wait 2
     962   00:0486  1F                  	db $1f			;Note 31
     963   00:0487  C2                  	db $c2			;Wait 2
     964   00:0488  1F                  	db $1f			;Note 31
     965   00:0489  C2                  	db $c2			;Wait 2
     966   00:048A  1F                  	db $1f			;Note 31
     967   00:048B  C2                  	db $c2			;Wait 2
     968   00:048C  1F                  	db $1f			;Note 31
     969   00:048D  C2                  	db $c2			;Wait 2
     970   00:048E  1F                  	db $1f			;Note 31
     971   00:048F  C2                  	db $c2			;Wait 2
     972   00:0490  1F                  	db $1f			;Note 31
     973   00:0491  C2                  	db $c2			;Wait 2
     974   00:0492  1F                  	db $1f			;Note 31
     975   00:0493  C2                  	db $c2			;Wait 2
     976   00:0494  1D                  	db $1d			;Note 29
     977   00:0495  C2                  	db $c2			;Wait 2
     978   00:0496  1D                  	db $1d			;Note 29
     979   00:0497  C2                  	db $c2			;Wait 2
     980   00:0498  1D                  	db $1d			;Note 29
     981   00:0499  C2                  	db $c2			;Wait 2
     982   00:049A  1D                  	db $1d			;Note 29
     983   00:049B  C2                  	db $c2			;Wait 2
     984   00:049C  1D                  	db $1d			;Note 29
     985   00:049D  C2                  	db $c2			;Wait 2
     986   00:049E  1D                  	db $1d			;Note 29
     987   00:049F  C2                  	db $c2			;Wait 2
     988   00:04A0  1D                  	db $1d			;Note 29
     989   00:04A1  C2                  	db $c2			;Wait 2
     990   00:04A2  1D                  	db $1d			;Note 29
     991   00:04A3  C1                  	db $c1			;Wait 2
     992   00:04A4  BF                  	db $bf			;[End-Of-Track]
     993   00:04A5                      .track_082:
     994   00:04A5  23                  	db $23			;Note 35
     995   00:04A6  67                  	db $67			;Instrument 4
     996   00:04A7  C8                  	db $c8			;Wait 8
     997   00:04A8  61                  	db $61			;Note 97
     998   00:04A9  C2                  	db $c2			;Wait 2
     999   00:04AA  21                  	db $21			;Note 33
    1000   00:04AB  C2                  	db $c2			;Wait 2
    1001   00:04AC  1F                  	db $1f			;Note 31
    1002   00:04AD  C2                  	db $c2			;Wait 2
    1003   00:04AE  26                  	db $26			;Note 38
    1004   00:04AF  C8                  	db $c8			;Wait 8
    1005   00:04B0  61                  	db $61			;Note 97
    1006   00:04B1  C2                  	db $c2			;Wait 2
    1007   00:04B2  2B                  	db $2b			;Note 43
    1008   00:04B3  C4                  	db $c4			;Wait 4
    1009   00:04B4  2D                  	db $2d			;Note 45
    1010   00:04B5  C3                  	db $c3			;Wait 4
    1011   00:04B6  BF                  	db $bf			;[End-Of-Track]
    1012   00:04B7                      .track_083:
    1013   00:04B7  DF                  	db $df			;Wait 32
    1014   00:04B8  BF                  	db $bf			;[End-Of-Track]
    1015   00:04B9                      .track_084:
    1016   00:04B9  DF                  	db $df			;Wait 32
    1017   00:04BA  BF                  	db $bf			;[End-Of-Track]
    1018   00:04BB                      .track_085:
    1019   00:04BB  DF                  	db $df			;Wait 32
    1020   00:04BC  BF                  	db $bf			;[End-Of-Track]
    1021   00:04BD                      .track_086:
    1022   00:04BD  DF                  	db $df			;Wait 32
    1023   00:04BE  BF                  	db $bf			;[End-Of-Track]
    1024   00:04BF                      .track_087:
    1025   00:04BF  DF                  	db $df			;Wait 32
    1026   00:04C0  BF                  	db $bf			;[End-Of-Track]
    1027   00:04C1                      .track_088:
    1028   00:04C1  37                  	db $37			;Note 55
    1029   00:04C2  C2                  	db $c2			;Wait 2
    1030   00:04C3  3E                  	db $3e			;Note 62
    1031   00:04C4  C2                  	db $c2			;Wait 2
    1032   00:04C5  43                  	db $43			;Note 67
    1033   00:04C6  C2                  	db $c2			;Wait 2
    1034   00:04C7  45                  	db $45			;Note 69
    1035   00:04C8  C2                  	db $c2			;Wait 2
    1036   00:04C9  3E                  	db $3e			;Note 62
    1037   00:04CA  C2                  	db $c2			;Wait 2
    1038   00:04CB  43                  	db $43			;Note 67
    1039   00:04CC  C2                  	db $c2			;Wait 2
    1040   00:04CD  45                  	db $45			;Note 69
    1041   00:04CE  C2                  	db $c2			;Wait 2
    1042   00:04CF  3E                  	db $3e			;Note 62
    1043   00:04D0  C2                  	db $c2			;Wait 2
    1044   00:04D1  48                  	db $48			;Note 72
    1045   00:04D2  C2                  	db $c2			;Wait 2
    1046   00:04D3  3E                  	db $3e			;Note 62
    1047   00:04D4  C2                  	db $c2			;Wait 2
    1048   00:04D5  48                  	db $48			;Note 72
    1049   00:04D6  C2                  	db $c2			;Wait 2
    1050   00:04D7  47                  	db $47			;Note 71
    1051   00:04D8  C2                  	db $c2			;Wait 2
    1052   00:04D9  3E                  	db $3e			;Note 62
    1053   00:04DA  C2                  	db $c2			;Wait 2
    1054   00:04DB  47                  	db $47			;Note 71
    1055   00:04DC  C2                  	db $c2			;Wait 2
    1056   00:04DD  45                  	db $45			;Note 69
    1057   00:04DE  C2                  	db $c2			;Wait 2
    1058   00:04DF  43                  	db $43			;Note 67
    1059   00:04E0  C1                  	db $c1			;Wait 2
    1060   00:04E1  BF                  	db $bf			;[End-Of-Track]
    1061   00:04E2                      .track_089:
    1062   00:04E2  1C                  	db $1c			;Note 28
    1063   00:04E3  C2                  	db $c2			;Wait 2
    1064   00:04E4  1C                  	db $1c			;Note 28
    1065   00:04E5  C2                  	db $c2			;Wait 2
    1066   00:04E6  1C                  	db $1c			;Note 28
    1067   00:04E7  C2                  	db $c2			;Wait 2
    1068   00:04E8  1C                  	db $1c			;Note 28
    1069   00:04E9  C2                  	db $c2			;Wait 2
    1070   00:04EA  1C                  	db $1c			;Note 28
    1071   00:04EB  C2                  	db $c2			;Wait 2
    1072   00:04EC  1C                  	db $1c			;Note 28
    1073   00:04ED  C2                  	db $c2			;Wait 2
    1074   00:04EE  1C                  	db $1c			;Note 28
    1075   00:04EF  C2                  	db $c2			;Wait 2
    1076   00:04F0  1C                  	db $1c			;Note 28
    1077   00:04F1  C2                  	db $c2			;Wait 2
    1078   00:04F2  1B                  	db $1b			;Note 27
    1079   00:04F3  C2                  	db $c2			;Wait 2
    1080   00:04F4  1B                  	db $1b			;Note 27
    1081   00:04F5  C2                  	db $c2			;Wait 2
    1082   00:04F6  1B                  	db $1b			;Note 27
    1083   00:04F7  C2                  	db $c2			;Wait 2
    1084   00:04F8  1B                  	db $1b			;Note 27
    1085   00:04F9  C2                  	db $c2			;Wait 2
    1086   00:04FA  1B                  	db $1b			;Note 27
    1087   00:04FB  C2                  	db $c2			;Wait 2
    1088   00:04FC  1B                  	db $1b			;Note 27
    1089   00:04FD  C2                  	db $c2			;Wait 2
    1090   00:04FE  1B                  	db $1b			;Note 27
    1091   00:04FF  C2                  	db $c2			;Wait 2
    1092   00:0500  1B                  	db $1b			;Note 27
    1093   00:0501  C1                  	db $c1			;Wait 2
    1094   00:0502  BF                  	db $bf			;[End-Of-Track]
    1095   00:0503                      .track_090:
    1096   00:0503  30                  	db $30			;Note 48
    1097   00:0504  67                  	db $67			;Instrument 4
    1098   00:0505  C6                  	db $c6			;Wait 6
    1099   00:0506  2F                  	db $2f			;Note 47
    1100   00:0507  69                  	db $69			;Instrument 6
    1101   00:0508  C2                  	db $c2			;Wait 2
    1102   00:0509  2F                  	db $2f			;Note 47
    1103   00:050A  67                  	db $67			;Instrument 4
    1104   00:050B  C8                  	db $c8			;Wait 8
    1105   00:050C  95 85               	db $95,$85			;CMD Vibrato
    1106   00:050E  C8                  	db $c8			;Wait 8
    1107   00:050F  32                  	db $32			;Note 50
    1108   00:0510  9B                  	db $9b			;CMD End 
    1109   00:0511  C4                  	db $c4			;Wait 4
    1110   00:0512  30                  	db $30			;Note 48
    1111   00:0513  C3                  	db $c3			;Wait 4
    1112   00:0514  BF                  	db $bf			;[End-Of-Track]
    1113   00:0515                      .track_091:
    1114   00:0515  DF                  	db $df			;Wait 32
    1115   00:0516  BF                  	db $bf			;[End-Of-Track]
    1116   00:0517                      .track_092:
    1117   00:0517  DF                  	db $df			;Wait 32
    1118   00:0518  BF                  	db $bf			;[End-Of-Track]
    1119   00:0519                      .track_093:
    1120   00:0519  DF                  	db $df			;Wait 32
    1121   00:051A  BF                  	db $bf			;[End-Of-Track]
    1122   00:051B                      .track_094:
    1123   00:051B  DF                  	db $df			;Wait 32
    1124   00:051C  BF                  	db $bf			;[End-Of-Track]
    1125   00:051D                      .track_095:
    1126   00:051D  DF                  	db $df			;Wait 32
    1127   00:051E  BF                  	db $bf			;[End-Of-Track]
    1128   00:051F                      .track_096:
    1129   00:051F  37                  	db $37			;Note 55
    1130   00:0520  C2                  	db $c2			;Wait 2
    1131   00:0521  3E                  	db $3e			;Note 62
    1132   00:0522  C2                  	db $c2			;Wait 2
    1133   00:0523  43                  	db $43			;Note 67
    1134   00:0524  C2                  	db $c2			;Wait 2
    1135   00:0525  45                  	db $45			;Note 69
    1136   00:0526  C2                  	db $c2			;Wait 2
    1137   00:0527  3E                  	db $3e			;Note 62
    1138   00:0528  C2                  	db $c2			;Wait 2
    1139   00:0529  43                  	db $43			;Note 67
    1140   00:052A  C2                  	db $c2			;Wait 2
    1141   00:052B  45                  	db $45			;Note 69
    1142   00:052C  C2                  	db $c2			;Wait 2
    1143   00:052D  3E                  	db $3e			;Note 62
    1144   00:052E  C2                  	db $c2			;Wait 2
    1145   00:052F  48                  	db $48			;Note 72
    1146   00:0530  C2                  	db $c2			;Wait 2
    1147   00:0531  3E                  	db $3e			;Note 62
    1148   00:0532  C2                  	db $c2			;Wait 2
    1149   00:0533  48                  	db $48			;Note 72
    1150   00:0534  C2                  	db $c2			;Wait 2
    1151   00:0535  47                  	db $47			;Note 71
    1152   00:0536  C2                  	db $c2			;Wait 2
    1153   00:0537  3E                  	db $3e			;Note 62
    1154   00:0538  C2                  	db $c2			;Wait 2
    1155   00:0539  47                  	db $47			;Note 71
    1156   00:053A  C2                  	db $c2			;Wait 2
    1157   00:053B  45                  	db $45			;Note 69
    1158   00:053C  C2                  	db $c2			;Wait 2
    1159   00:053D  43                  	db $43			;Note 67
    1160   00:053E  C1                  	db $c1			;Wait 2
    1161   00:053F  BF                  	db $bf			;[End-Of-Track]
    1162   00:0540                      .track_097:
    1163   00:0540  26                  	db $26			;Note 38
    1164   00:0541  69                  	db $69			;Instrument 6
    1165   00:0542  C2                  	db $c2			;Wait 2
    1166   00:0543  26                  	db $26			;Note 38
    1167   00:0544  C2                  	db $c2			;Wait 2
    1168   00:0545  26                  	db $26			;Note 38
    1169   00:0546  C2                  	db $c2			;Wait 2
    1170   00:0547  26                  	db $26			;Note 38
    1171   00:0548  C2                  	db $c2			;Wait 2
    1172   00:0549  26                  	db $26			;Note 38
    1173   00:054A  C2                  	db $c2			;Wait 2
    1174   00:054B  26                  	db $26			;Note 38
    1175   00:054C  C2                  	db $c2			;Wait 2
    1176   00:054D  26                  	db $26			;Note 38
    1177   00:054E  C2                  	db $c2			;Wait 2
    1178   00:054F  26                  	db $26			;Note 38
    1179   00:0550  C2                  	db $c2			;Wait 2
    1180   00:0551  25                  	db $25			;Note 37
    1181   00:0552  C2                  	db $c2			;Wait 2
    1182   00:0553  25                  	db $25			;Note 37
    1183   00:0554  C2                  	db $c2			;Wait 2
    1184   00:0555  25                  	db $25			;Note 37
    1185   00:0556  C2                  	db $c2			;Wait 2
    1186   00:0557  25                  	db $25			;Note 37
    1187   00:0558  C2                  	db $c2			;Wait 2
    1188   00:0559  26                  	db $26			;Note 38
    1189   00:055A  C2                  	db $c2			;Wait 2
    1190   00:055B  26                  	db $26			;Note 38
    1191   00:055C  C2                  	db $c2			;Wait 2
    1192   00:055D  26                  	db $26			;Note 38
    1193   00:055E  C2                  	db $c2			;Wait 2
    1194   00:055F  26                  	db $26			;Note 38
    1195   00:0560  C1                  	db $c1			;Wait 2
    1196   00:0561  BF                  	db $bf			;[End-Of-Track]
    1197   00:0562                      .track_098:
    1198   00:0562  2F                  	db $2f			;Note 47
    1199   00:0563  67                  	db $67			;Instrument 4
    1200   00:0564  C2                  	db $c2			;Wait 2
    1201   00:0565  30                  	db $30			;Note 48
    1202   00:0566  C2                  	db $c2			;Wait 2
    1203   00:0567  2F                  	db $2f			;Note 47
    1204   00:0568  C2                  	db $c2			;Wait 2
    1205   00:0569  2B                  	db $2b			;Note 43
    1206   00:056A  C4                  	db $c4			;Wait 4
    1207   00:056B  26                  	db $26			;Note 38
    1208   00:056C  C8                  	db $c8			;Wait 8
    1209   00:056D  2D                  	db $2d			;Note 45
    1210   00:056E  C2                  	db $c2			;Wait 2
    1211   00:056F  2B                  	db $2b			;Note 43
    1212   00:0570  C2                  	db $c2			;Wait 2
    1213   00:0571  2A                  	db $2a			;Note 42
    1214   00:0572  C2                  	db $c2			;Wait 2
    1215   00:0573  28                  	db $28			;Note 40
    1216   00:0574  C2                  	db $c2			;Wait 2
    1217   00:0575  2A                  	db $2a			;Note 42
    1218   00:0576  C5                  	db $c5			;Wait 6
    1219   00:0577  BF                  	db $bf			;[End-Of-Track]
    1220   00:0578                      .track_099:
    1221   00:0578  DF                  	db $df			;Wait 32
    1222   00:0579  BF                  	db $bf			;[End-Of-Track]
    1223   00:057A                      .track_100:
    1224   00:057A  DF                  	db $df			;Wait 32
    1225   00:057B  BF                  	db $bf			;[End-Of-Track]
    1226   00:057C                      .track_101:
    1227   00:057C  DF                  	db $df			;Wait 32
    1228   00:057D  BF                  	db $bf			;[End-Of-Track]
    1229   00:057E                      .track_102:
    1230   00:057E  DF                  	db $df			;Wait 32
    1231   00:057F  BF                  	db $bf			;[End-Of-Track]
    1232   00:0580                      .track_103:
    1233   00:0580  DF                  	db $df			;Wait 32
    1234   00:0581  BF                  	db $bf			;[End-Of-Track]
    1235   00:0582                      .track_104:
    1236   00:0582  43                  	db $43			;Note 67
    1237   00:0583  64                  	db $64			;Instrument 1
    1238   00:0584  C2                  	db $c2			;Wait 2
    1239   00:0585  3A                  	db $3a			;Note 58
    1240   00:0586  C2                  	db $c2			;Wait 2
    1241   00:0587  3F                  	db $3f			;Note 63
    1242   00:0588  C2                  	db $c2			;Wait 2
    1243   00:0589  45                  	db $45			;Note 69
    1244   00:058A  C2                  	db $c2			;Wait 2
    1245   00:058B  3C                  	db $3c			;Note 60
    1246   00:058C  C2                  	db $c2			;Wait 2
    1247   00:058D  45                  	db $45			;Note 69
    1248   00:058E  C2                  	db $c2			;Wait 2
    1249   00:058F  48                  	db $48			;Note 72
    1250   00:0590  C2                  	db $c2			;Wait 2
    1251   00:0591  47                  	db $47			;Note 71
    1252   00:0592  C2                  	db $c2			;Wait 2
    1253   00:0593  43                  	db $43			;Note 67
    1254   00:0594  C2                  	db $c2			;Wait 2
    1255   00:0595  3E                  	db $3e			;Note 62
    1256   00:0596  C2                  	db $c2			;Wait 2
    1257   00:0597  3C                  	db $3c			;Note 60
    1258   00:0598  C2                  	db $c2			;Wait 2
    1259   00:0599  3B                  	db $3b			;Note 59
    1260   00:059A  C2                  	db $c2			;Wait 2
    1261   00:059B  37                  	db $37			;Note 55
    1262   00:059C  C2                  	db $c2			;Wait 2
    1263   00:059D  32                  	db $32			;Note 50
    1264   00:059E  C2                  	db $c2			;Wait 2
    1265   00:059F  30                  	db $30			;Note 48
    1266   00:05A0  C2                  	db $c2			;Wait 2
    1267   00:05A1  2F                  	db $2f			;Note 47
    1268   00:05A2  C1                  	db $c1			;Wait 2
    1269   00:05A3  BF                  	db $bf			;[End-Of-Track]
    1270   00:05A4                      .track_105:
    1271   00:05A4  27                  	db $27			;Note 39
    1272   00:05A5  69                  	db $69			;Instrument 6
    1273   00:05A6  C6                  	db $c6			;Wait 6
    1274   00:05A7  29                  	db $29			;Note 41
    1275   00:05A8  C6                  	db $c6			;Wait 6
    1276   00:05A9  2B                  	db $2b			;Note 43
    1277   00:05AA  65                  	db $65			;Instrument 2
    1278   00:05AB  C6                  	db $c6			;Wait 6
    1279   00:05AC  1F                  	db $1f			;Note 31
    1280   00:05AD  69                  	db $69			;Instrument 6
    1281   00:05AE  C2                  	db $c2			;Wait 2
    1282   00:05AF  1F                  	db $1f			;Note 31
    1283   00:05B0  C2                  	db $c2			;Wait 2
    1284   00:05B1  1F                  	db $1f			;Note 31
    1285   00:05B2  C2                  	db $c2			;Wait 2
    1286   00:05B3  1F                  	db $1f			;Note 31
    1287   00:05B4  C2                  	db $c2			;Wait 2
    1288   00:05B5  1F                  	db $1f			;Note 31
    1289   00:05B6  C2                  	db $c2			;Wait 2
    1290   00:05B7  1F                  	db $1f			;Note 31
    1291   00:05B8  C2                  	db $c2			;Wait 2
    1292   00:05B9  1F                  	db $1f			;Note 31
    1293   00:05BA  C1                  	db $c1			;Wait 2
    1294   00:05BB  BF                  	db $bf			;[End-Of-Track]
    1295   00:05BC                      .track_106:
    1296   00:05BC  2B                  	db $2b			;Note 43
    1297   00:05BD  67                  	db $67			;Instrument 4
    1298   00:05BE  C2                  	db $c2			;Wait 2
    1299   00:05BF  61                  	db $61			;Note 97
    1300   00:05C0  C4                  	db $c4			;Wait 4
    1301   00:05C1  2B                  	db $2b			;Note 43
    1302   00:05C2  C2                  	db $c2			;Wait 2
    1303   00:05C3  61                  	db $61			;Note 97
    1304   00:05C4  C4                  	db $c4			;Wait 4
    1305   00:05C5  2B                  	db $2b			;Note 43
    1306   00:05C6  C4                  	db $c4			;Wait 4
    1307   00:05C7  61                  	db $61			;Note 97
    1308   00:05C8  C2                  	db $c2			;Wait 2
    1309   00:05C9  38                  	db $38			;Note 56
    1310   00:05CA  68                  	db $68			;Instrument 5
    1311   00:05CB  93 02               	db $93,$02			;CMD Portamento down
    1312   00:05CD  CD                  	db $cd			;Wait 13
    1313   00:05CE  9B                  	db $9b			;CMD End 
    1314   00:05CF  C0                  	db $c0			;Wait 1
    1315   00:05D0  BF                  	db $bf			;[End-Of-Track]
    1316   00:05D1                      .track_107:
    1317   00:05D1  DF                  	db $df			;Wait 32
    1318   00:05D2  BF                  	db $bf			;[End-Of-Track]
    1319   00:05D3                      .track_108:
    1320   00:05D3  DF                  	db $df			;Wait 32
    1321   00:05D4  BF                  	db $bf			;[End-Of-Track]
    1322   00:05D5                      .track_109:
    1323   00:05D5  DF                  	db $df			;Wait 32
    1324   00:05D6  BF                  	db $bf			;[End-Of-Track]
    1325   00:05D7                      .track_110:
    1326   00:05D7  DF                  	db $df			;Wait 32
    1327   00:05D8  BF                  	db $bf			;[End-Of-Track]
    1328   00:05D9                      .track_111:
    1329   00:05D9  DF                  	db $df			;Wait 32
    1330   00:05DA  BF                  	db $bf			;[End-Of-Track]
    1331   00:05DB                      .track_112:
    1332   00:05DB  61                  	db $61			;Note 97
    1333   00:05DC  FF                  	db $ff			;Wait 64
    1334   00:05DD  BF                  	db $bf			;[End-Of-Track]
    1335   00:05DE                      .track_113:
    1336   00:05DE  61                  	db $61			;Note 97
    1337   00:05DF  FF                  	db $ff			;Wait 64
    1338   00:05E0  BF                  	db $bf			;[End-Of-Track]
    1339   00:05E1                      .track_114:
    1340   00:05E1  61                  	db $61			;Note 97
    1341   00:05E2  FF                  	db $ff			;Wait 64
    1342   00:05E3  BF                  	db $bf			;[End-Of-Track]
    1343   00:05E4                      .track_115:
    1344   00:05E4  FF                  	db $ff			;Wait 64
    1345   00:05E5  BF                  	db $bf			;[End-Of-Track]
    1346   00:05E6                      .track_116:
    1347   00:05E6  FF                  	db $ff			;Wait 64
    1348   00:05E7  BF                  	db $bf			;[End-Of-Track]
    1349   00:05E8                      .track_117:
    1350   00:05E8  FF                  	db $ff			;Wait 64
    1351   00:05E9  BF                  	db $bf			;[End-Of-Track]
    1352   00:05EA                      .track_118:
    1353   00:05EA  FF                  	db $ff			;Wait 64
    1354   00:05EB  BF                  	db $bf			;[End-Of-Track]
    1355   00:05EC                      .track_119:
    1356   00:05EC  FF                  	db $ff			;Wait 64
    1357   00:05ED  BF                  	db $bf			;[End-Of-Track]
    1358   00:05EE                      .track_120:
    1359   00:05EE  1B                  	db $1b			;Note 27
    1360   00:05EF  67                  	db $67			;Instrument 4
    1361   00:05F0  89                  	db $89			;Volume 8
    1362   00:05F1  C4                  	db $c4			;Wait 4
    1363   00:05F2  1B                  	db $1b			;Note 27
    1364   00:05F3  69                  	db $69			;Instrument 6
    1365   00:05F4  C2                  	db $c2			;Wait 2
    1366   00:05F5  1B                  	db $1b			;Note 27
    1367   00:05F6  C4                  	db $c4			;Wait 4
    1368   00:05F7  1B                  	db $1b			;Note 27
    1369   00:05F8  C4                  	db $c4			;Wait 4
    1370   00:05F9  1E                  	db $1e			;Note 30
    1371   00:05FA  67                  	db $67			;Instrument 4
    1372   00:05FB  D0                  	db $d0			;Wait 16
    1373   00:05FC  61                  	db $61			;Note 97
    1374   00:05FD  C1                  	db $c1			;Wait 2
    1375   00:05FE  BF                  	db $bf			;[End-Of-Track]
    1376   00:05FF                      .track_121:
    1377   00:05FF  24                  	db $24			;Note 36
    1378   00:0600  69                  	db $69			;Instrument 6
    1379   00:0601  C2                  	db $c2			;Wait 2
    1380   00:0602  24                  	db $24			;Note 36
    1381   00:0603  C2                  	db $c2			;Wait 2
    1382   00:0604  24                  	db $24			;Note 36
    1383   00:0605  C2                  	db $c2			;Wait 2
    1384   00:0606  24                  	db $24			;Note 36
    1385   00:0607  C2                  	db $c2			;Wait 2
    1386   00:0608  24                  	db $24			;Note 36
    1387   00:0609  C2                  	db $c2			;Wait 2
    1388   00:060A  24                  	db $24			;Note 36
    1389   00:060B  C2                  	db $c2			;Wait 2
    1390   00:060C  24                  	db $24			;Note 36
    1391   00:060D  C2                  	db $c2			;Wait 2
    1392   00:060E  24                  	db $24			;Note 36
    1393   00:060F  C2                  	db $c2			;Wait 2
    1394   00:0610  26                  	db $26			;Note 38
    1395   00:0611  C2                  	db $c2			;Wait 2
    1396   00:0612  26                  	db $26			;Note 38
    1397   00:0613  C2                  	db $c2			;Wait 2
    1398   00:0614  26                  	db $26			;Note 38
    1399   00:0615  C2                  	db $c2			;Wait 2
    1400   00:0616  26                  	db $26			;Note 38
    1401   00:0617  C2                  	db $c2			;Wait 2
    1402   00:0618  26                  	db $26			;Note 38
    1403   00:0619  C2                  	db $c2			;Wait 2
    1404   00:061A  26                  	db $26			;Note 38
    1405   00:061B  C2                  	db $c2			;Wait 2
    1406   00:061C  26                  	db $26			;Note 38
    1407   00:061D  C2                  	db $c2			;Wait 2
    1408   00:061E  26                  	db $26			;Note 38
    1409   00:061F  C1                  	db $c1			;Wait 2
    1410   00:0620  BF                  	db $bf			;[End-Of-Track]
    1411   00:0621                      .track_122:
    1412   00:0621  24                  	db $24			;Note 36
    1413   00:0622  67                  	db $67			;Instrument 4
    1414   00:0623  C4                  	db $c4			;Wait 4
    1415   00:0624  22                  	db $22			;Note 34
    1416   00:0625  69                  	db $69			;Instrument 6
    1417   00:0626  C2                  	db $c2			;Wait 2
    1418   00:0627  24                  	db $24			;Note 36
    1419   00:0628  C4                  	db $c4			;Wait 4
    1420   00:0629  22                  	db $22			;Note 34
    1421   00:062A  C4                  	db $c4			;Wait 4
    1422   00:062B  26                  	db $26			;Note 38
    1423   00:062C  67                  	db $67			;Instrument 4
    1424   00:062D  D0                  	db $d0			;Wait 16
    1425   00:062E  61                  	db $61			;Note 97
    1426   00:062F  C1                  	db $c1			;Wait 2
    1427   00:0630  BF                  	db $bf			;[End-Of-Track]
    1428   00:0631                      .track_123:
    1429   00:0631  DF                  	db $df			;Wait 32
    1430   00:0632  BF                  	db $bf			;[End-Of-Track]
    1431   00:0633                      .track_124:
    1432   00:0633  DF                  	db $df			;Wait 32
    1433   00:0634  BF                  	db $bf			;[End-Of-Track]
    1434   00:0635                      .track_125:
    1435   00:0635  DF                  	db $df			;Wait 32
    1436   00:0636  BF                  	db $bf			;[End-Of-Track]
    1437   00:0637                      .track_126:
    1438   00:0637  DF                  	db $df			;Wait 32
    1439   00:0638  BF                  	db $bf			;[End-Of-Track]
    1440   00:0639                      .track_127:
    1441   00:0639  DF                  	db $df			;Wait 32
    1442   00:063A  BF                  	db $bf			;[End-Of-Track]
    1443   00:063B                      

    LABELS
-------------------------------------------------
00:00000007   _.restart
00:0000011B   _.customvoice_start
00:0000011B X _.waveform_start
00:0000011B   _.drummacro_start
00:0000011B   _.instrument_start
00:00000127   _.instrument_01
00:00000138 X _.rst_i01
00:0000013A   _.instrument_02
00:0000013B X _.rst_i02
00:0000014B   _.instrument_03
00:00000152 X _.rst_i03
00:00000156   _.instrument_04
00:0000015B X _.rst_i04
00:00000167   _.instrument_05
00:00000177 X _.rst_i05
00:00000179   _.instrument_06
00:00000182 X _.rst_i06
00:00000184   _.track_000
00:000001A5   _.track_001
00:000001AA   _.track_002
00:000001AF   _.track_003
00:000001B1   _.track_004
00:000001B3   _.track_005
00:000001B5   _.track_006
00:000001B7   _.track_007
00:000001B9   _.track_008
00:000001D8   _.track_009
00:000001E3   _.track_010
00:000001F2   _.track_011
00:000001F4   _.track_012
00:000001F6   _.track_013
00:000001F8   _.track_014
00:000001FA   _.track_015
00:000001FC   _.track_016
00:0000021B   _.track_017
00:00000225   _.track_018
00:00000235   _.track_019
00:00000237   _.track_020
00:00000239   _.track_021
00:0000023B   _.track_022
00:0000023D   _.track_023
00:0000023F   _.track_024
00:0000025E   _.track_025
00:00000267   _.track_026
00:0000026E   _.track_027
00:00000270   _.track_028
00:00000272   _.track_029
00:00000274   _.track_030
00:00000276   _.track_031
00:00000278   _.track_032
00:00000297   _.track_033
00:000002A0   _.track_034
00:000002AA   _.track_035
00:000002AC   _.track_036
00:000002AE   _.track_037
00:000002B0   _.track_038
00:000002B2   _.track_039
00:000002B4   _.track_040
00:000002D5   _.track_041
00:000002D8   _.track_042
00:000002DE   _.track_043
00:000002E0   _.track_044
00:000002E2   _.track_045
00:000002E4   _.track_046
00:000002E6   _.track_047
00:000002E8   _.track_048
00:00000309   _.track_049
00:0000032C   _.track_050
00:00000342   _.track_051
00:00000344   _.track_052
00:00000346   _.track_053
00:00000348   _.track_054
00:0000034A   _.track_055
00:0000034C   _.track_056
00:0000036D   _.track_057
00:0000038E   _.track_058
00:0000039D   _.track_059
00:0000039F   _.track_060
00:000003A1   _.track_061
00:000003A3   _.track_062
00:000003A5   _.track_063
00:000003A7   _.track_064
00:000003C8   _.track_065
00:000003E9   _.track_066
00:000003FB   _.track_067
00:000003FD   _.track_068
00:000003FF   _.track_069
00:00000401   _.track_070
00:00000403   _.track_071
00:00000405   _.track_072
00:00000426   _.track_073
00:00000447   _.track_074
00:00000459   _.track_075
00:0000045B   _.track_076
00:0000045D   _.track_077
00:0000045F   _.track_078
00:00000461   _.track_079
00:00000463   _.track_080
00:00000484   _.track_081
00:000004A5   _.track_082
00:000004B7   _.track_083
00:000004B9   _.track_084
00:000004BB   _.track_085
00:000004BD   _.track_086
00:000004BF   _.track_087
00:000004C1   _.track_088
00:000004E2   _.track_089
00:00000503   _.track_090
00:00000515   _.track_091
00:00000517   _.track_092
00:00000519   _.track_093
00:0000051B   _.track_094
00:0000051D   _.track_095
00:0000051F   _.track_096
00:00000540   _.track_097
00:00000562   _.track_098
00:00000578   _.track_099
00:0000057A   _.track_100
00:0000057C   _.track_101
00:0000057E   _.track_102
00:00000580   _.track_103
00:00000582   _.track_104
00:000005A4   _.track_105
00:000005BC   _.track_106
00:000005D1   _.track_107
00:000005D3   _.track_108
00:000005D5   _.track_109
00:000005D7   _.track_110
00:000005D9   _.track_111
00:000005DB   _.track_112
00:000005DE   _.track_113
00:000005E1   _.track_114
00:000005E4   _.track_115
00:000005E6   _.track_116
00:000005E8   _.track_117
00:000005EA   _.track_118
00:000005EC   _.track_119
00:000005EE   _.track_120
00:000005FF   _.track_121
00:00000621   _.track_122
00:00000631   _.track_123
00:00000633   _.track_124
00:00000635   _.track_125
00:00000637   _.track_126
00:00000639   _.track_127


 Output: test.out
-------------------------------------------------

 Page: 00
  Org: 00000000  Size: *  Used: 0000063B

   Address   Length Align   Label
   00000000    1595         _.restart
